Component: ARM Compiler 5.05 update 1 (build 106) Tool: armlink [4d0efa]

==============================================================================

Section Cross References

    startup_stm32f103xe.o(STACK) refers (Special) to heapauxi.o(.text) for __use_two_region_memory
    startup_stm32f103xe.o(HEAP) refers (Special) to heapauxi.o(.text) for __use_two_region_memory
    startup_stm32f103xe.o(RESET) refers (Special) to heapauxi.o(.text) for __use_two_region_memory
    startup_stm32f103xe.o(RESET) refers to startup_stm32f103xe.o(STACK) for __initial_sp
    startup_stm32f103xe.o(RESET) refers to startup_stm32f103xe.o(.text) for Reset_Handler
    startup_stm32f103xe.o(RESET) refers to stm32f1xx_it.o(i.NMI_Handler) for NMI_Handler
    startup_stm32f103xe.o(RESET) refers to stm32f1xx_it.o(i.HardFault_Handler) for HardFault_Handler
    startup_stm32f103xe.o(RESET) refers to stm32f1xx_it.o(i.MemManage_Handler) for MemManage_Handler
    startup_stm32f103xe.o(RESET) refers to stm32f1xx_it.o(i.BusFault_Handler) for BusFault_Handler
    startup_stm32f103xe.o(RESET) refers to stm32f1xx_it.o(i.UsageFault_Handler) for UsageFault_Handler
    startup_stm32f103xe.o(RESET) refers to stm32f1xx_it.o(i.SVC_Handler) for SVC_Handler
    startup_stm32f103xe.o(RESET) refers to stm32f1xx_it.o(i.DebugMon_Handler) for DebugMon_Handler
    startup_stm32f103xe.o(RESET) refers to stm32f1xx_it.o(i.PendSV_Handler) for PendSV_Handler
    startup_stm32f103xe.o(RESET) refers to stm32f1xx_it.o(i.SysTick_Handler) for SysTick_Handler
    startup_stm32f103xe.o(RESET) refers to usart.o(i.USART1_IRQHandler) for USART1_IRQHandler
    startup_stm32f103xe.o(RESET) refers to atk_ms53l0m_uart.o(i.UART5_IRQHandler) for UART5_IRQHandler
    startup_stm32f103xe.o(.text) refers (Special) to heapauxi.o(.text) for __use_two_region_memory
    startup_stm32f103xe.o(.text) refers to system_stm32f1xx.o(i.SystemInit) for SystemInit
    startup_stm32f103xe.o(.text) refers to __main.o(!!!main) for __main
    startup_stm32f103xe.o(.text) refers to startup_stm32f103xe.o(HEAP) for Heap_Mem
    startup_stm32f103xe.o(.text) refers to startup_stm32f103xe.o(STACK) for Stack_Mem
    main.o(i.main) refers to stm32f1xx_hal.o(i.HAL_Init) for HAL_Init
    main.o(i.main) refers to sys.o(i.sys_stm32_clock_init) for sys_stm32_clock_init
    main.o(i.main) refers to delay.o(i.delay_init) for delay_init
    main.o(i.main) refers to usart.o(i.usart_init) for usart_init
    main.o(i.main) refers to led.o(i.led_init) for led_init
    main.o(i.main) refers to key.o(i.key_init) for key_init
    main.o(i.main) refers to lcd.o(i.lcd_init) for lcd_init
    main.o(i.main) refers to pwm.o(i.TIM1_PWM_Init) for TIM1_PWM_Init
    main.o(i.main) refers to demo.o(i.ATK_MS53L0MInit) for ATK_MS53L0MInit
    main.o(i.main) refers to main.o(i.show_mesg) for show_mesg
    main.o(i.main) refers to atk_ms53l0m_uart.o(i.PID_Init) for PID_Init
    main.o(i.main) refers to main.o(.bss) for mypid
    main.o(i.show_mesg) refers to lcd.o(i.lcd_show_string) for lcd_show_string
    main.o(i.show_mesg) refers to noretval__2printf.o(.text) for __2printf
    system_stm32f1xx.o(i.SystemCoreClockUpdate) refers to system_stm32f1xx.o(.data) for SystemCoreClock
    system_stm32f1xx.o(i.SystemCoreClockUpdate) refers to system_stm32f1xx.o(.constdata) for AHBPrescTable
    stm32f1xx_it.o(i.SysTick_Handler) refers to stm32f1xx_hal.o(i.HAL_IncTick) for HAL_IncTick
    demo.o(i.ATK_MS53L0MInit) refers to atk_ms53l0m.o(i.atk_ms53l0m_init) for atk_ms53l0m_init
    demo.o(i.ATK_MS53L0MInit) refers to noretval__2printf.o(.text) for __2printf
    demo.o(i.ATK_MS53L0MInit) refers to stm32f1xx_hal_gpio.o(i.HAL_GPIO_TogglePin) for HAL_GPIO_TogglePin
    demo.o(i.ATK_MS53L0MInit) refers to delay.o(i.delay_ms) for delay_ms
    demo.o(i.ATK_MS53L0MInit) refers to demo.o(i.demo_show_id) for demo_show_id
    demo.o(i.ATK_MS53L0MInit) refers to demo.o(.data) for Id
    demo.o(i.ATK_MS53L0MWork) refers to atk_ms53l0m.o(i.atk_ms53l0m_normal_get_data) for atk_ms53l0m_normal_get_data
    demo.o(i.ATK_MS53L0MWork) refers to noretval__2printf.o(.text) for __2printf
    demo.o(i.demo_key0_fun) refers to _printf_percent.o(.ARM.Collect$$_printf_percent$$00000000) for _printf_percent
    demo.o(i.demo_key0_fun) refers to _printf_d.o(.ARM.Collect$$_printf_percent$$00000009) for _printf_d
    demo.o(i.demo_key0_fun) refers to _printf_dec.o(.text) for _printf_int_dec
    demo.o(i.demo_key0_fun) refers to atk_ms53l0m.o(i.atk_ms53l0m_modbus_get_data) for atk_ms53l0m_modbus_get_data
    demo.o(i.demo_key0_fun) refers to noretval__2printf.o(.text) for __2printf
    demo.o(i.demo_key0_fun) refers to atk_ms53l0m.o(i.atk_ms53l0m_normal_get_data) for atk_ms53l0m_normal_get_data
    demo.o(i.demo_key1_fun) refers to atk_ms53l0m.o(i.atk_ms53l0m_write_data) for atk_ms53l0m_write_data
    demo.o(i.demo_key1_fun) refers to noretval__2printf.o(.text) for __2printf
    demo.o(i.demo_run) refers to atk_ms53l0m.o(i.atk_ms53l0m_init) for atk_ms53l0m_init
[...]
    i.MemManage_Handler                      0x0800217c   Section        0  stm32f1xx_it.o(i.MemManage_Handler)
    i.NMI_Handler                            0x08002180   Section        0  stm32f1xx_it.o(i.NMI_Handler)
    i.PID_Calc                               0x08002182   Section        0  atk_ms53l0m_uart.o(i.PID_Calc)
    i.PID_Init                               0x0800222e   Section        0  atk_ms53l0m_uart.o(i.PID_Init)
    i.PendSV_Handler                         0x08002240   Section        0  stm32f1xx_it.o(i.PendSV_Handler)
    i.RCC_Delay                              0x08002244   Section        0  stm32f1xx_hal_rcc.o(i.RCC_Delay)
    RCC_Delay                                0x08002245   Thumb Code    36  stm32f1xx_hal_rcc.o(i.RCC_Delay)
    i.SVC_Handler                            0x0800226c   Section        0  stm32f1xx_it.o(i.SVC_Handler)
    i.Servo_SetAngle                         0x08002270   Section        0  pwm.o(i.Servo_SetAngle)
    i.SysTick_Handler                        0x080022e4   Section        0  stm32f1xx_it.o(i.SysTick_Handler)
    i.SystemInit                             0x080022ec   Section        0  system_stm32f1xx.o(i.SystemInit)
    i.TIM1_PWM_Init                          0x080022f0   Section        0  pwm.o(i.TIM1_PWM_Init)
    i.TIM_Base_SetConfig                     0x08002344   Section        0  stm32f1xx_hal_tim.o(i.TIM_Base_SetConfig)
    i.TIM_CCxChannelCmd                      0x080023e0   Section        0  stm32f1xx_hal_tim.o(i.TIM_CCxChannelCmd)
    i.TIM_OC1_SetConfig                      0x08002404   Section        0  stm32f1xx_hal_tim.o(i.TIM_OC1_SetConfig)
    TIM_OC1_SetConfig                        0x08002405   Thumb Code   104  stm32f1xx_hal_tim.o(i.TIM_OC1_SetConfig)
    i.TIM_OC2_SetConfig                      0x08002474   Section        0  stm32f1xx_hal_tim.o(i.TIM_OC2_SetConfig)
    i.TIM_OC3_SetConfig                      0x080024f0   Section        0  stm32f1xx_hal_tim.o(i.TIM_OC3_SetConfig)
    TIM_OC3_SetConfig                        0x080024f1   Thumb Code   112  stm32f1xx_hal_tim.o(i.TIM_OC3_SetConfig)
    i.TIM_OC4_SetConfig                      0x08002568   Section        0  stm32f1xx_hal_tim.o(i.TIM_OC4_SetConfig)
    TIM_OC4_SetConfig                        0x08002569   Thumb Code    74  stm32f1xx_hal_tim.o(i.TIM_OC4_SetConfig)
    i.TIM_SetTIM1Compare1                    0x080025bc   Section        0  pwm.o(i.TIM_SetTIM1Compare1)
    i.UART5_IRQHandler                       0x080025c8   Section        0  atk_ms53l0m_uart.o(i.UART5_IRQHandler)
    i.UART_DMAAbortOnError                   0x080027b8   Section        0  stm32f1xx_hal_uart.o(i.UART_DMAAbortOnError)
    UART_DMAAbortOnError                     0x080027b9   Thumb Code    20  stm32f1xx_hal_uart.o(i.UART_DMAAbortOnError)
    i.UART_EndRxTransfer                     0x080027cc   Section        0  stm32f1xx_hal_uart.o(i.UART_EndRxTransfer)
    UART_EndRxTransfer                       0x080027cd   Thumb Code    32  stm32f1xx_hal_uart.o(i.UART_EndRxTransfer)
    i.UART_EndTransmit_IT                    0x080027ec   Section        0  stm32f1xx_hal_uart.o(i.UART_EndTransmit_IT)
    UART_EndTransmit_IT                      0x080027ed   Thumb Code    32  stm32f1xx_hal_uart.o(i.UART_EndTransmit_IT)
    i.UART_Receive_IT                        0x0800280c   Section        0  stm32f1xx_hal_uart.o(i.UART_Receive_IT)
    UART_Receive_IT                          0x0800280d   Thumb Code   160  stm32f1xx_hal_uart.o(i.UART_Receive_IT)
    i.UART_SetConfig                         0x080028ac   Section        0  stm32f1xx_hal_uart.o(i.UART_SetConfig)
    UART_SetConfig                           0x080028ad   Thumb Code   248  stm32f1xx_hal_uart.o(i.UART_SetConfig)
    i.UART_Transmit_IT                       0x080029a8   Section        0  stm32f1xx_hal_uart.o(i.UART_Transmit_IT)
    UART_Transmit_IT                         0x080029a9   Thumb Code    96  stm32f1xx_hal_uart.o(i.UART_Transmit_IT)
    i.UART_WaitOnFlagUntilTimeout            0x08002a08   Section        0  stm32f1xx_hal_uart.o(i.UART_WaitOnFlagUntilTimeout)
    UART_WaitOnFlagUntilTimeout              0x08002a09   Thumb Code   108  stm32f1xx_hal_uart.o(i.UART_WaitOnFlagUntilTimeout)
    i.USART1_IRQHandler                      0x08002a74   Section        0  usart.o(i.USART1_IRQHandler)
    i.UsageFault_Handler                     0x08002a98   Section        0  stm32f1xx_it.o(i.UsageFault_Handler)
    i.__ARM_fpclassify                       0x08002a9c   Section        0  fpclassify.o(i.__ARM_fpclassify)
    i.__NVIC_GetPriorityGrouping             0x08002ac4   Section        0  stm32f1xx_hal_cortex.o(i.__NVIC_GetPriorityGrouping)
    __NVIC_GetPriorityGrouping               0x08002ac5   Thumb Code    10  stm32f1xx_hal_cortex.o(i.__NVIC_GetPriorityGrouping)
    i.__NVIC_SetPriority                     0x08002ad4   Section        0  stm32f1xx_hal_cortex.o(i.__NVIC_SetPriority)
    __NVIC_SetPriority                       0x08002ad5   Thumb Code    32  stm32f1xx_hal_cortex.o(i.__NVIC_SetPriority)
    i.__ieee754_rem_pio2                     0x08002afc   Section        0  rred.o(i.__ieee754_rem_pio2)
    i.__kernel_cos                           0x08002e84   Section        0  cos_i.o(i.__kernel_cos)
    i.__kernel_poly                          0x08002f80   Section        0  poly.o(i.__kernel_poly)
    i.__kernel_sin                           0x0800302c   Section        0  sin_i.o(i.__kernel_sin)
    i.__mathlib_dbl_infnan                   0x08003118   Section        0  dunder.o(i.__mathlib_dbl_infnan)
    i.__mathlib_dbl_invalid                  0x0800311e   Section        0  dunder.o(i.__mathlib_dbl_invalid)
    i.__mathlib_dbl_underflow                0x0800312c   Section        0  dunder.o(i.__mathlib_dbl_underflow)
    i._is_digit                              0x0800313c   Section        0  __printf_wp.o(i._is_digit)
    i._sys_exit                              0x0800314a   Section        0  usart.o(i._sys_exit)
    i.atk_ms53l0m_crc_check_sum              0x0800314e   Section        0  atk_ms53l0m.o(i.atk_ms53l0m_crc_check_sum)
    atk_ms53l0m_crc_check_sum                0x0800314f   Thumb Code    28  atk_ms53l0m.o(i.atk_ms53l0m_crc_check_sum)
    i.atk_ms53l0m_init                       0x0800316c   Section        0  atk_ms53l0m.o(i.atk_ms53l0m_init)
    i.atk_ms53l0m_read_data                  0x08003210   Section        0  atk_ms53l0m.o(i.atk_ms53l0m_read_data)
    i.atk_ms53l0m_uart_init                  0x08003278   Section        0  atk_ms53l0m_uart.o(i.atk_ms53l0m_uart_init)
    i.atk_ms53l0m_uart_rx_get_frame          0x080032a8   Section        0  atk_ms53l0m_uart.o(i.atk_ms53l0m_uart_rx_get_frame)
    i.atk_ms53l0m_uart_rx_get_frame_len      0x080032d4   Section        0  atk_ms53l0m_uart.o(i.atk_ms53l0m_uart_rx_get_frame_len)
    i.atk_ms53l0m_uart_rx_restart            0x080032f8   Section        0  atk_ms53l0m_uart.o(i.atk_ms53l0m_uart_rx_restart)
    i.atk_ms53l0m_uart_send                  0x0800331c   Section        0  atk_ms53l0m_uart.o(i.atk_ms53l0m_uart_send)
    i.atk_ms53l0m_unpack_recv_data           0x08003338   Section        0  atk_ms53l0m.o(i.atk_ms53l0m_unpack_recv_data)
    atk_ms53l0m_unpack_recv_data             0x08003339   Thumb Code   390  atk_ms53l0m.o(i.atk_ms53l0m_unpack_recv_data)
    i.atk_ms53l0m_write_data                 0x080034be   Section        0  atk_ms53l0m.o(i.atk_ms53l0m_write_data)
    i.cos                                    0x08003524   Section        0  cos.o(i.cos)
    i.delay_init                             0x080035c0   Section        0  delay.o(i.delay_init)
    i.delay_ms                               0x080035e8   Section        0  delay.o(i.delay_ms)
    i.delay_us                               0x08003620   Section        0  delay.o(i.delay_us)
    i.demo_show_id                           0x0800366c   Section        0  demo.o(i.demo_show_id)
    demo_show_id                             0x0800366d   Thumb Code    52  demo.o(i.demo_show_id)
    i.fputc                                  0x080036c0   Section        0  usart.o(i.fputc)
    i.key_init                               0x080036dc   Section        0  key.o(i.key_init)
    i.lcd_clear                              0x08003798   Section        0  lcd.o(i.lcd_clear)
    i.lcd_display_dir                        0x08003818   Section        0  lcd.o(i.lcd_display_dir)
    i.lcd_draw_point                         0x08003984   Section        0  lcd.o(i.lcd_draw_point)
    i.lcd_ex_ili9341_reginit                 0x080039ec   Section        0  lcd.o(i.lcd_ex_ili9341_reginit)
    i.lcd_ex_ili9806_reginit                 0x08003f44   Section        0  lcd.o(i.lcd_ex_ili9806_reginit)
    i.lcd_ex_nt35310_reginit                 0x080045f8   Section        0  lcd.o(i.lcd_ex_nt35310_reginit)
    i.lcd_ex_nt35510_reginit                 0x08005c0c   Section        0  lcd.o(i.lcd_ex_nt35510_reginit)
    i.lcd_ex_ssd1963_reginit                 0x08006b58   Section        0  lcd.o(i.lcd_ex_ssd1963_reginit)
    i.lcd_ex_st7789_reginit                  0x08006ec4   Section        0  lcd.o(i.lcd_ex_st7789_reginit)
    i.lcd_ex_st7796_reginit                  0x080072dc   Section        0  lcd.o(i.lcd_ex_st7796_reginit)
    i.lcd_init                               0x08007784   Section        0  lcd.o(i.lcd_init)
    i.lcd_opt_delay                          0x08007d34   Section        0  lcd.o(i.lcd_opt_delay)
    lcd_opt_delay                            0x08007d35   Thumb Code    12  lcd.o(i.lcd_opt_delay)
    i.lcd_rd_data                            0x08007d40   Section        0  lcd.o(i.lcd_rd_data)
    lcd_rd_data                              0x08007d41   Thumb Code   104  lcd.o(i.lcd_rd_data)
    i.lcd_scan_dir                           0x08007db0   Section        0  lcd.o(i.lcd_scan_dir)
    i.lcd_set_cursor                         0x080082d8   Section        0  lcd.o(i.lcd_set_cursor)
    i.lcd_show_char                          0x08008728   Section        0  lcd.o(i.lcd_show_char)
    i.lcd_show_string                        0x08008868   Section        0  lcd.o(i.lcd_show_string)
    i.lcd_ssd_backlight_set                  0x080088d4   Section        0  lcd.o(i.lcd_ssd_backlight_set)
    i.lcd_wr_xdata                           0x080089dc   Section        0  lcd.o(i.lcd_wr_xdata)
    i.lcd_write_reg                          0x08008a04   Section        0  lcd.o(i.lcd_write_reg)
    i.led_init                               0x08008a54   Section        0  led.o(i.led_init)
    i.main                                   0x08008ae4   Section        0  main.o(i.main)
    i.show_mesg                              0x08008b50   Section        0  main.o(i.show_mesg)
    i.sin                                    0x08008cc8   Section        0  sin.o(i.sin)
    i.sys_stm32_clock_init                   0x08008d68   Section        0  sys.o(i.sys_stm32_clock_init)
    i.usart_init                             0x08008dc0   Section        0  usart.o(i.usart_init)
    x$fpl$dadd                               0x08008df8   Section      336  daddsub_clz.o(x$fpl$dadd)
    _dadd1                                   0x08008e09   Thumb Code     0  daddsub_clz.o(x$fpl$dadd)
    x$fpl$dcheck1                            0x08008f48   Section       16  dcheck1.o(x$fpl$dcheck1)
    x$fpl$ddiv                               0x08008f58   Section      688  ddiv.o(x$fpl$ddiv)
    ddiv_entry                               0x08008f5f   Thumb Code     0  ddiv.o(x$fpl$ddiv)
    x$fpl$dfix                               0x08009208   Section       94  dfix.o(x$fpl$dfix)
    x$fpl$dfixu                              0x08009268   Section       90  dfixu.o(x$fpl$dfixu)
    x$fpl$dflt                               0x080092c2   Section       46  dflt_clz.o(x$fpl$dflt)
    x$fpl$dfltu                              0x080092f0   Section       38  dflt_clz.o(x$fpl$dfltu)
    x$fpl$dmul                               0x08009318   Section      340  dmul.o(x$fpl$dmul)
    x$fpl$dnaninf                            0x0800946c   Section      156  dnaninf.o(x$fpl$dnaninf)
    x$fpl$dretinf                            0x08009508   Section       12  dretinf.o(x$fpl$dretinf)
    x$fpl$drsb                               0x08009514   Section       22  daddsub_clz.o(x$fpl$drsb)
    x$fpl$dsub                               0x0800952c   Section      468  daddsub_clz.o(x$fpl$dsub)
    _dsub1                                   0x0800953d   Thumb Code     0  daddsub_clz.o(x$fpl$dsub)
    x$fpl$fadd                               0x08009700   Section      196  faddsub_clz.o(x$fpl$fadd)
    _fadd1                                   0x0800970f   Thumb Code     0  faddsub_clz.o(x$fpl$fadd)
    x$fpl$fcmpinf                            0x080097c4   Section       24  fcmpi.o(x$fpl$fcmpinf)
    x$fpl$fdiv                               0x080097dc   Section      388  fdiv.o(x$fpl$fdiv)
    _fdiv1                                   0x080097dd   Thumb Code     0  fdiv.o(x$fpl$fdiv)
    x$fpl$ffixu                              0x08009960   Section       62  ffixu.o(x$fpl$ffixu)
    x$fpl$ffltu                              0x080099a0   Section       38  fflt_clz.o(x$fpl$ffltu)
    x$fpl$fleqf                              0x080099c8   Section      104  fleqf.o(x$fpl$fleqf)
    x$fpl$fmul                               0x08009a30   Section      258  fmul.o(x$fpl$fmul)
    x$fpl$fnaninf                            0x08009b32   Section      140  fnaninf.o(x$fpl$fnaninf)
    x$fpl$fretinf                            0x08009bbe   Section       10  fretinf.o(x$fpl$fretinf)
    x$fpl$frleqf                             0x08009bc8   Section       98  frleqf.o(x$fpl$frleqf)
    x$fpl$fsub                               0x08009c2c   Section      234  faddsub_clz.o(x$fpl$fsub)
    _fsub1                                   0x08009c3b   Thumb Code     0  faddsub_clz.o(x$fpl$fsub)
    x$fpl$retnan                             0x08009d16   Section      100  retnan.o(x$fpl$retnan)
    x$fpl$scalbn                             0x08009d7a   Section       92  scalbn.o(x$fpl$scalbn)
    x$fpl$trapveneer                         0x08009dd6   Section       48  trapv.o(x$fpl$trapveneer)
    .constdata                               0x08009e06   Section       24  system_stm32f1xx.o(.constdata)
    x$fpl$usenofp                            0x08009e06   Section        0  usenofp.o(x$fpl$usenofp)
    .constdata                               0x08009e1e   Section    12160  lcd.o(.constdata)
    .constdata                               0x0800cd9e   Section       40  _printf_hex_int.o(.constdata)
    uc_hextab                                0x0800cd9e   Data          20  _printf_hex_int.o(.constdata)
    lc_hextab                                0x0800cdb2   Data          20  _printf_hex_int.o(.constdata)
    .constdata                               0x0800cdc6   Section       17  __printf_flags_wp.o(.constdata)
    maptable                                 0x0800cdc6   Data          17  __printf_flags_wp.o(.constdata)
    .constdata                               0x0800cdd8   Section       48  cos_i.o(.constdata)
    C                                        0x0800cdd8   Data          48  cos_i.o(.constdata)
    .constdata                               0x0800ce08   Section      200  rred.o(.constdata)
    pio2s                                    0x0800ce08   Data          48  rred.o(.constdata)
    twooverpi                                0x0800ce38   Data         152  rred.o(.constdata)
    .constdata                               0x0800ced0   Section       40  sin_i.o(.constdata)
    S                                        0x0800ced0   Data          40  sin_i.o(.constdata)
    .data                                    0x20000000   Section        4  system_stm32f1xx.o(.data)
    .data                                    0x20000004   Section        2  demo.o(.data)
    .data                                    0x20000006   Section        2  delay.o(.data)
    g_fac_us                                 0x20000006   Data           2  delay.o(.data)
    .data                                    0x20000008   Section        7  usart.o(.data)
    .data                                    0x20000010   Section        9  stm32f1xx_hal.o(.data)
    .data                                    0x2000001c   Section        8  lcd.o(.data)
    .data                                    0x20000024   Section        2  atk_ms53l0m.o(.data)
    .data                                    0x20000028   Section       20  atk_ms53l0m_uart.o(.data)
    .bss                                     0x2000003c   Section       36  main.o(.bss)
    .bss                                     0x20000060   Section      264  usart.o(.bss)
    .bss                                     0x20000168   Section       14  lcd.o(.bss)
    .bss                                     0x20000178   Section      204  atk_ms53l0m_uart.o(.bss)
    g_uart_handle                            0x20000178   Data          64  atk_ms53l0m_uart.o(.bss)
    g_uart_rx_frame                          0x200001b8   Data         130  atk_ms53l0m_uart.o(.bss)
    .bss                                     0x20000244   Section      100  pwm.o(.bss)
    .bss                                     0x200002a8   Section       96  libspace.o(.bss)
    HEAP                                     0x20000308   Section      512  startup_stm32f103xe.o(HEAP)
    Heap_Mem                                 0x20000308   Data         512  startup_stm32f103xe.o(HEAP)
    STACK                                    0x20000508   Section     1024  startup_stm32f103xe.o(STACK)
    Stack_Mem                                0x20000508   Data        1024  startup_stm32f103xe.o(STACK)
    __initial_sp                             0x20000908   Data           0  startup_stm32f103xe.o(STACK)

    Global Symbols

    Symbol Name                              Value     Ov Type        Size  Object(Section)

    BuildAttributes$$THM_ISAv4$P$D$K$B$S$PE$A:L22UL41UL21$X:L11$S22US41US21$IEEE1$IW$USESV6$~STKCKD$USESV7$~SHL$OTIME$ROPI$IEEEX$EBA8$UX$STANDARDLIB$REQ8$PRES8$EABIv2 0x00000000   Number         0  anon$$obj.o ABSOLUTE
    __ARM_use_no_argv                        0x00000000   Number         0  main.o ABSOLUTE
    _printf_flags                            0x00000000   Number         0  printf_stubs.o ABSOLUTE
    _printf_return_value                     0x00000000   Number         0  printf_stubs.o ABSOLUTE
    _printf_sizespec                         0x00000000   Number         0  printf_stubs.o ABSOLUTE
    _printf_widthprec                        0x00000000   Number         0  printf_stubs.o ABSOLUTE
    __ARM_exceptions_init                     - Undefined Weak Reference
    __alloca_initialize                       - Undefined Weak Reference
    __arm_preinit_                            - Undefined Weak Reference
    __cpp_initialize__aeabi_                  - Undefined Weak Reference
    __cxa_finalize                            - Undefined Weak Reference
    __rt_locale                               - Undefined Weak Reference
    __sigvec_lookup                           - Undefined Weak Reference
    _atexit_init                              - Undefined Weak Reference
    _call_atexit_fns                          - Undefined Weak Reference
    _clock_init                               - Undefined Weak Reference
    _fp_trap_init                             - Undefined Weak Reference
    _fp_trap_shutdown                         - Undefined Weak Reference
    _get_lc_collate                           - Undefined Weak Reference
    _get_lc_ctype                             - Undefined Weak Reference
    _get_lc_monetary                          - Undefined Weak Reference
    _get_lc_numeric                           - Undefined Weak Reference
    _get_lc_time                              - Undefined Weak Reference
    _getenv_init                              - Undefined Weak Reference
    _handle_redirection                       - Undefined Weak Reference
    _init_alloc                               - Undefined Weak Reference
    _init_user_alloc                          - Undefined Weak Reference
    _initio                                   - Undefined Weak Reference
    _mutex_acquire                            - Undefined Weak Reference
    _mutex_release                            - Undefined Weak Reference
    _printf_mbtowc                            - Undefined Weak Reference
    _printf_truncate_signed                   - Undefined Weak Reference
    _printf_truncate_unsigned                 - Undefined Weak Reference
    _rand_init                                - Undefined Weak Reference
    _signal_finish                            - Undefined Weak Reference
    _signal_init                              - Undefined Weak Reference
    _terminate_alloc                          - Undefined Weak Reference
    _terminate_user_alloc                     - Undefined Weak Reference
    _terminateio                              - Undefined Weak Reference
    __Vectors_Size                           0x00000130   Number         0  startup_stm32f103xe.o ABSOLUTE
    __Vectors                                0x08000000   Data           4  startup_stm32f103xe.o(RESET)
    __Vectors_End                            0x08000130   Data           0  startup_stm32f103xe.o(RESET)
    __main                                   0x08000131   Thumb Code     8  __main.o(!!!main)
    __scatterload                            0x08000139   Thumb Code     0  __scatter.o(!!!scatter)
    __scatterload_rt2                        0x08000139   Thumb Code    44  __scatter.o(!!!scatter)
    __scatterload_rt2_thumb_only             0x08000139   Thumb Code     0  __scatter.o(!!!scatter)
    __scatterload_null                       0x08000147   Thumb Code     0  __scatter.o(!!!scatter)
    __scatterload_copy                       0x0800016d   Thumb Code    26  __scatter_copy.o(!!handler_copy)
    __scatterload_zeroinit                   0x08000189   Thumb Code    28  __scatter_zi.o(!!handler_zi)
    _printf_d                                0x080001a5   Thumb Code     0  _printf_d.o(.ARM.Collect$$_printf_percent$$00000009)
    _printf_percent                          0x080001a5   Thumb Code     0  _printf_percent.o(.ARM.Collect$$_printf_percent$$00000000)
    _printf_x                                0x080001ab   Thumb Code     0  _printf_x.o(.ARM.Collect$$_printf_percent$$0000000C)
    _printf_s                                0x080001b1   Thumb Code     0  _printf_s.o(.ARM.Collect$$_printf_percent$$00000014)
    _printf_percent_end                      0x080001b7   Thumb Code     0  _printf_percent_end.o(.ARM.Collect$$_printf_percent$$00000017)
    __rt_lib_init                            0x080001bb   Thumb Code     0  libinit.o(.ARM.Collect$$libinit$$00000000)
    __rt_lib_init_alloca_1                   0x080001bd   Thumb Code     0  libinit2.o(.ARM.Collect$$libinit$$0000002E)
    __rt_lib_init_argv_1                     0x080001bd   Thumb Code     0  libinit2.o(.ARM.Collect$$libinit$$0000002C)
    __rt_lib_init_atexit_1                   0x080001bd   Thumb Code     0  libinit2.o(.ARM.Collect$$libinit$$0000001B)
    __rt_lib_init_clock_1                    0x080001bd   Thumb Code     0  libinit2.o(.ARM.Collect$$libinit$$00000021)
    __rt_lib_init_cpp_1                      0x080001bd   Thumb Code     0  libinit2.o(.ARM.Collect$$libinit$$00000032)
    __rt_lib_init_exceptions_1               0x080001bd   Thumb Code     0  libinit2.o(.ARM.Collect$$libinit$$00000030)
    __rt_lib_init_fp_1                       0x080001bd   Thumb Code     0  libinit2.o(.ARM.Collect$$libinit$$00000002)
    __rt_lib_init_fp_trap_1                  0x080001bd   Thumb Code     0  libinit2.o(.ARM.Collect$$libinit$$0000001F)
    __rt_lib_init_getenv_1                   0x080001bd   Thumb Code     0  libinit2.o(.ARM.Collect$$libinit$$00000023)
    __rt_lib_init_heap_1                     0x080001bd   Thumb Code     0  libinit2.o(.ARM.Collect$$libinit$$0000000A)
    __rt_lib_init_lc_collate_1               0x080001bd   Thumb Code     0  libinit2.o(.ARM.Collect$$libinit$$00000011)
    __rt_lib_init_lc_ctype_1                 0x080001bd   Thumb Code     0  libinit2.o(.ARM.Collect$$libinit$$00000013)
    __rt_lib_init_lc_monetary_1              0x080001bd   Thumb Code     0  libinit2.o(.ARM.Collect$$libinit$$00000015)
    __rt_lib_init_lc_numeric_1               0x080001bd   Thumb Code     0  libinit2.o(.ARM.Collect$$libinit$$00000017)
    __rt_lib_init_lc_time_1                  0x080001bd   Thumb Code     0  libinit2.o(.ARM.Collect$$libinit$$00000019)
    __rt_lib_init_preinit_1                  0x080001bd   Thumb Code     0  libinit2.o(.ARM.Collect$$libinit$$00000004)
    __rt_lib_init_rand_1                     0x080001bd   Thumb Code     0  libinit2.o(.ARM.Collect$$libinit$$0000000E)
    __rt_lib_init_return                     0x080001bd   Thumb Code     0  libinit2.o(.ARM.Collect$$libinit$$00000033)
    __rt_lib_init_signal_1                   0x080001bd   Thumb Code     0  libinit2.o(.ARM.Collect$$libinit$$0000001D)
    __rt_lib_init_stdio_1                    0x080001bd   Thumb Code     0  libinit2.o(.ARM.Collect$$libinit$$00000025)
    __rt_lib_init_user_alloc_1               0x080001bd   Thumb Code     0  libinit2.o(.ARM.Collect$$libinit$$0000000C)
    __rt_lib_shutdown                        0x080001bf   Thumb Code     0  libshutdown.o(.ARM.Collect$$libshutdown$$00000000)
    __rt_lib_shutdown_fp_trap_1              0x080001c1   Thumb Code     0  libshutdown2.o(.ARM.Collect$$libshutdown$$00000006)
    __rt_lib_shutdown_heap_1                 0x080001c1   Thumb Code     0  libshutdown2.o(.ARM.Collect$$libshutdown$$0000000E)
    __rt_lib_shutdown_return                 0x080001c1   Thumb Code     0  libshutdown2.o(.ARM.Collect$$libshutdown$$0000000F)
    __rt_lib_shutdown_signal_1               0x080001c1   Thumb Code     0  libshutdown2.o(.ARM.Collect$$libshutdown$$00000009)
    __rt_lib_shutdown_stdio_1                0x080001c1   Thumb Code     0  libshutdown2.o(.ARM.Collect$$libshutdown$$00000003)
    __rt_lib_shutdown_user_alloc_1           0x080001c1   Thumb Code     0  libshutdown2.o(.ARM.Collect$$libshutdown$$0000000B)
    __rt_entry                               0x080001c3   Thumb Code     0  __rtentry.o(.ARM.Collect$$rtentry$$00000000)
    __rt_entry_presh_1                       0x080001c3   Thumb Code     0  __rtentry2.o(.ARM.Collect$$rtentry$$00000002)
    __rt_entry_sh                            0x080001c3   Thumb Code     0  __rtentry4.o(.ARM.Collect$$rtentry$$00000004)
    __rt_entry_li                            0x080001c9   Thumb Code     0  __rtentry2.o(.ARM.Collect$$rtentry$$0000000A)
    __rt_entry_postsh_1                      0x080001c9   Thumb Code     0  __rtentry2.o(.ARM.Collect$$rtentry$$00000009)
    __rt_entry_main                          0x080001cd   Thumb Code     0  __rtentry2.o(.ARM.Collect$$rtentry$$0000000D)
    __rt_entry_postli_1                      0x080001cd   Thumb Code     0  __rtentry2.o(.ARM.Collect$$rtentry$$0000000C)
    __rt_exit                                0x080001d5   Thumb Code     0  rtexit.o(.ARM.Collect$$rtexit$$00000000)
    __rt_exit_ls                             0x080001d7   Thumb Code     0  rtexit2.o(.ARM.Collect$$rtexit$$00000003)
    __rt_exit_prels_1                        0x080001d7   Thumb Code     0  rtexit2.o(.ARM.Collect$$rtexit$$00000002)
    __rt_exit_exit                           0x080001db   Thumb Code     0  rtexit2.o(.ARM.Collect$$rtexit$$00000004)
    Reset_Handler                            0x080001e1   Thumb Code     8  startup_stm32f103xe.o(.text)
    ADC1_2_IRQHandler                        0x080001fb   Thumb Code     0  startup_stm32f103xe.o(.text)
    ADC3_IRQHandler                          0x080001fb   Thumb Code     0  startup_stm32f103xe.o(.text)
    CAN1_RX1_IRQHandler                      0x080001fb   Thumb Code     0  startup_stm32f103xe.o(.text)
    CAN1_SCE_IRQHandler                      0x080001fb   Thumb Code     0  startup_stm32f103xe.o(.text)
    DMA1_Channel1_IRQHandler                 0x080001fb   Thumb Code     0  startup_stm32f103xe.o(.text)
    DMA1_Channel2_IRQHandler                 0x080001fb   Thumb Code     0  startup_stm32f103xe.o(.text)
    DMA1_Channel3_IRQHandler                 0x080001fb   Thumb Code     0  startup_stm32f103xe.o(.text)
    DMA1_Channel4_IRQHandler                 0x080001fb   Thumb Code     0  startup_stm32f103xe.o(.text)
    DMA1_Channel5_IRQHandler                 0x080001fb   Thumb Code     0  startup_stm32f103xe.o(.text)
    DMA1_Channel6_IRQHandler                 0x080001fb   Thumb Code     0  startup_stm32f103xe.o(.text)
    DMA1_Channel7_IRQHandler                 0x080001fb   Thumb Code     0  startup_stm32f103xe.o(.text)
    DMA2_Channel1_IRQHandler                 0x080001fb   Thumb Code     0  startup_stm32f103xe.o(.text)
    DMA2_Channel2_IRQHandler                 0x080001fb   Thumb Code     0  startup_stm32f103xe.o(.text)
    DMA2_Channel3_IRQHandler                 0x080001fb   Thumb Code     0  startup_stm32f103xe.o(.text)
    DMA2_Channel4_5_IRQHandler               0x080001fb   Thumb Code     0  startup_stm32f103xe.o(.text)
    EXTI0_IRQHandler                         0x080001fb   Thumb Code     0  startup_stm32f103xe.o(.text)
    EXTI15_10_IRQHandler                     0x080001fb   Thumb Code     0  startup_stm32f103xe.o(.text)
    EXTI1_IRQHandler                         0x080001fb   Thumb Code     0  startup_stm32f103xe.o(.text)
    EXTI2_IRQHandler                         0x080001fb   Thumb Code     0  startup_stm32f103xe.o(.text)
    EXTI3_IRQHandler                         0x080001fb   Thumb Code     0  startup_stm32f103xe.o(.text)
    EXTI4_IRQHandler                         0x080001fb   Thumb Code     0  startup_stm32f103xe.o(.text)
    EXTI9_5_IRQHandler                       0x080001fb   Thumb Code     0  startup_stm32f103xe.o(.text)
    FLASH_IRQHandler                         0x080001fb   Thumb Code     0  startup_stm32f103xe.o(.text)
    FSMC_IRQHandler                          0x080001fb   Thumb Code     0  startup_stm32f103xe.o(.text)
    I2C1_ER_IRQHandler                       0x080001fb   Thumb Code     0  startup_stm32f103xe.o(.text)
    I2C1_EV_IRQHandler                       0x080001fb   Thumb Code     0  startup_stm32f103xe.o(.text)
    I2C2_ER_IRQHandler                       0x080001fb   Thumb Code     0  startup_stm32f103xe.o(.text)
    I2C2_EV_IRQHandler                       0x080001fb   Thumb Code     0  startup_stm32f103xe.o(.text)
    PVD_IRQHandler                           0x080001fb   Thumb Code     0  startup_stm32f103xe.o(.text)
    RCC_IRQHandler                           0x080001fb   Thumb Code     0  startup_stm32f103xe.o(.text)
    RTC_Alarm_IRQHandler                     0x080001fb   Thumb Code     0  startup_stm32f103xe.o(.text)
    RTC_IRQHandler                           0x080001fb   Thumb Code     0  startup_stm32f103xe.o(.text)
    SDIO_IRQHandler                          0x080001fb   Thumb Code     0  startup_stm32f103xe.o(.text)
    SPI1_IRQHandler                          0x080001fb   Thumb Code     0  startup_stm32f103xe.o(.text)
    SPI2_IRQHandler                          0x080001fb   Thumb Code     0  startup_stm32f103xe.o(.text)
    SPI3_IRQHandler                          0x080001fb   Thumb Code     0  startup_stm32f103xe.o(.text)
    TAMPER_IRQHandler                        0x080001fb   Thumb Code     0  startup_stm32f103xe.o(.text)
    TIM1_BRK_IRQHandler                      0x080001fb   Thumb Code     0  startup_stm32f103xe.o(.text)
    TIM1_CC_IRQHandler                       0x080001fb   Thumb Code     0  startup_stm32f103xe.o(.text)
    TIM1_TRG_COM_IRQHandler                  0x080001fb   Thumb Code     0  startup_stm32f103xe.o(.text)
    TIM1_UP_IRQHandler                       0x080001fb   Thumb Code     0  startup_stm32f103xe.o(.text)
    TIM2_IRQHandler                          0x080001fb   Thumb Code     0  startup_stm32f103xe.o(.text)
    TIM3_IRQHandler                          0x080001fb   Thumb Code     0  startup_stm32f103xe.o(.text)
    TIM4_IRQHandler                          0x080001fb   Thumb Code     0  startup_stm32f103xe.o(.text)
    TIM5_IRQHandler                          0x080001fb   Thumb Code     0  startup_stm32f103xe.o(.text)
    TIM6_IRQHandler                          0x080001fb   Thumb Code     0  startup_stm32f103xe.o(.text)
    TIM7_IRQHandler                          0x080001fb   Thumb Code     0  startup_stm32f103xe.o(.text)
    TIM8_BRK_IRQHandler                      0x080001fb   Thumb Code     0  startup_stm32f103xe.o(.text)
    TIM8_CC_IRQHandler                       0x080001fb   Thumb Code     0  startup_stm32f103xe.o(.text)
    TIM8_TRG_COM_IRQHandler                  0x080001fb   Thumb Code     0  startup_stm32f103xe.o(.text)
    TIM8_UP_IRQHandler                       0x080001fb   Thumb Code     0  startup_stm32f103xe.o(.text)
    UART4_IRQHandler                         0x080001fb   Thumb Code     0  startup_stm32f103xe.o(.text)
    USART2_IRQHandler                        0x080001fb   Thumb Code     0  startup_stm32f103xe.o(.text)
    USART3_IRQHandler                        0x080001fb   Thumb Code     0  startup_stm32f103xe.o(.text)
    USBWakeUp_IRQHandler                     0x080001fb   Thumb Code     0  startup_stm32f103xe.o(.text)
    USB_HP_CAN1_TX_IRQHandler                0x080001fb   Thumb Code     0  startup_stm32f103xe.o(.text)
    USB_LP_CAN1_RX0_IRQHandler               0x080001fb   Thumb Code     0  startup_stm32f103xe.o(.text)
    WWDG_IRQHandler                          0x080001fb   Thumb Code     0  startup_stm32f103xe.o(.text)
    __user_initial_stackheap                 0x080001fd   Thumb Code     0  startup_stm32f103xe.o(.text)
    __use_no_semihosting                     0x08000221   Thumb Code     2  use_no_semi_2.o(.text)
    __2printf                                0x08000225   Thumb Code    20  noretval__2printf.o(.text)
    __2sprintf                               0x0800023d   Thumb Code    34  noretval__2sprintf.o(.text)
    _printf_pre_padding                      0x08000265   Thumb Code    44  _printf_pad.o(.text)
    _printf_post_padding                     0x08000291   Thumb Code    34  _printf_pad.o(.text)
    _printf_str                              0x080002b3   Thumb Code    82  _printf_str.o(.text)
    _printf_int_dec                          0x08000305   Thumb Code   104  _printf_dec.o(.text)
    _printf_int_hex                          0x0800037d   Thumb Code    84  _printf_hex_int.o(.text)
    _printf_longlong_hex                     0x0800037d   Thumb Code     0  _printf_hex_int.o(.text)
    __printf                                 0x080003d5   Thumb Code   308  __printf_flags_wp.o(.text)
    __use_two_region_memory                  0x0800050d   Thumb Code     2  heapauxi.o(.text)
    __rt_heap_escrow$2region                 0x0800050f   Thumb Code     2  heapauxi.o(.text)
    __rt_heap_expand$2region                 0x08000511   Thumb Code     2  heapauxi.o(.text)
    __semihosting$guard                      0x08000513   Thumb Code     0  use_no_semi.o(.text)
    __use_no_semihosting_swi                 0x08000513   Thumb Code     2  use_no_semi.o(.text)
    __read_errno                             0x08000515   Thumb Code    10  _rserrno.o(.text)
    __set_errno                              0x0800051f   Thumb Code    12  _rserrno.o(.text)
    _printf_int_common                       0x0800052b   Thumb Code   178  _printf_intcommon.o(.text)
    _printf_char_common                      0x080005e7   Thumb Code    32  _printf_char_common.o(.text)
    _sputc                                   0x0800060d   Thumb Code    10  _sputc.o(.text)
    _printf_cs_common                        0x08000617   Thumb Code    20  _printf_char.o(.text)
    _printf_char                             0x0800062b   Thumb Code    16  _printf_char.o(.text)
    _printf_string                           0x0800063b   Thumb Code     8  _printf_char.o(.text)
    _printf_char_file                        0x08000645   Thumb Code    32  _printf_char_file.o(.text)
    __aeabi_errno_addr                       0x08000669   Thumb Code     8  rt_errno_addr_intlibspace.o(.text)
    __errno$intlibspace                      0x08000669   Thumb Code     0  rt_errno_addr_intlibspace.o(.text)
    __rt_errno_addr$intlibspace              0x08000669   Thumb Code     0  rt_errno_addr_intlibspace.o(.text)
    ferror                                   0x08000671   Thumb Code     8  ferror.o(.text)
    __user_libspace                          0x08000679   Thumb Code     8  libspace.o(.text)
    __user_perproc_libspace                  0x08000679   Thumb Code     0  libspace.o(.text)
    __user_perthread_libspace                0x08000679   Thumb Code     0  libspace.o(.text)
    __user_setup_stackheap                   0x08000681   Thumb Code    74  sys_stackheap_outer.o(.text)
    exit                                     0x080006cb   Thumb Code    12  exit.o(.text)
    ATK_MS53L0MInit                          0x080006d9   Thumb Code    64  demo.o(i.ATK_MS53L0MInit)
    BusFault_Handler                         0x08000741   Thumb Code     4  stm32f1xx_it.o(i.BusFault_Handler)
    DebugMon_Handler                         0x08000745   Thumb Code     2  stm32f1xx_it.o(i.DebugMon_Handler)
    FitData                                  0x08000749   Thumb Code   690  atk_ms53l0m_uart.o(i.FitData)
    GetData                                  0x08000a81   Thumb Code   162  atk_ms53l0m_uart.o(i.GetData)
    HAL_DMA_Abort_IT                         0x08000b35   Thumb Code   414  stm32f1xx_hal_dma.o(i.HAL_DMA_Abort_IT)
    HAL_GPIO_Init                            0x08000cdd   Thumb Code   792  stm32f1xx_hal_gpio.o(i.HAL_GPIO_Init)
    HAL_GPIO_TogglePin                       0x0800101d   Thumb Code    20  stm32f1xx_hal_gpio.o(i.HAL_GPIO_TogglePin)
    HAL_GPIO_WritePin                        0x08001031   Thumb Code    12  stm32f1xx_hal_gpio.o(i.HAL_GPIO_WritePin)
    HAL_GetTick                              0x0800103d   Thumb Code     6  stm32f1xx_hal.o(i.HAL_GetTick)
    HAL_IncTick                              0x08001049   Thumb Code    16  stm32f1xx_hal.o(i.HAL_IncTick)
    HAL_Init                                 0x08001061   Thumb Code    34  stm32f1xx_hal.o(i.HAL_Init)
    HAL_InitTick                             0x08001089   Thumb Code    64  stm32f1xx_hal.o(i.HAL_InitTick)
    HAL_MspInit                              0x080010d5   Thumb Code     2  stm32f1xx_hal.o(i.HAL_MspInit)
    HAL_NVIC_EnableIRQ                       0x080010d7   Thumb Code    32  stm32f1xx_hal_cortex.o(i.HAL_NVIC_EnableIRQ)
    HAL_NVIC_SetPriority                     0x080010f7   Thumb Code   124  stm32f1xx_hal_cortex.o(i.HAL_NVIC_SetPriority)
    HAL_NVIC_SetPriorityGrouping             0x08001175   Thumb Code    32  stm32f1xx_hal_cortex.o(i.HAL_NVIC_SetPriorityGrouping)
    HAL_RCC_ClockConfig                      0x0800119d   Thumb Code   376  stm32f1xx_hal_rcc.o(i.HAL_RCC_ClockConfig)
    HAL_RCC_GetHCLKFreq                      0x08001329   Thumb Code     6  stm32f1xx_hal_rcc.o(i.HAL_RCC_GetHCLKFreq)
    HAL_RCC_GetPCLK1Freq                     0x08001335   Thumb Code    22  stm32f1xx_hal_rcc.o(i.HAL_RCC_GetPCLK1Freq)
    HAL_RCC_GetPCLK2Freq                     0x08001355   Thumb Code    22  stm32f1xx_hal_rcc.o(i.HAL_RCC_GetPCLK2Freq)
    HAL_RCC_GetSysClockFreq                  0x08001375   Thumb Code   116  stm32f1xx_hal_rcc.o(i.HAL_RCC_GetSysClockFreq)
    HAL_RCC_OscConfig                        0x08001409   Thumb Code  1114  stm32f1xx_hal_rcc.o(i.HAL_RCC_OscConfig)
    HAL_SYSTICK_CLKSourceConfig              0x0800186d   Thumb Code    40  stm32f1xx_hal_cortex.o(i.HAL_SYSTICK_CLKSourceConfig)
    HAL_SYSTICK_Config                       0x08001895   Thumb Code    52  stm32f1xx_hal_cortex.o(i.HAL_SYSTICK_Config)
    HAL_TIM_PWM_ConfigChannel                0x080018c9   Thumb Code   252  stm32f1xx_hal_tim.o(i.HAL_TIM_PWM_ConfigChannel)
    HAL_TIM_PWM_Init                         0x080019c5   Thumb Code   102  stm32f1xx_hal_tim.o(i.HAL_TIM_PWM_Init)
    HAL_TIM_PWM_MspInit                      0x08001a2d   Thumb Code    96  pwm.o(i.HAL_TIM_PWM_MspInit)
    HAL_TIM_PWM_Start                        0x08001a99   Thumb Code   222  stm32f1xx_hal_tim.o(i.HAL_TIM_PWM_Start)
    HAL_UART_ErrorCallback                   0x08001b8d   Thumb Code     2  stm32f1xx_hal_uart.o(i.HAL_UART_ErrorCallback)
    HAL_UART_IRQHandler                      0x08001b91   Thumb Code   334  stm32f1xx_hal_uart.o(i.HAL_UART_IRQHandler)
    HAL_UART_Init                            0x08001ce5   Thumb Code   114  stm32f1xx_hal_uart.o(i.HAL_UART_Init)
    HAL_UART_MspInit                         0x08001d59   Thumb Code   356  usart.o(i.HAL_UART_MspInit)
    HAL_UART_Receive                         0x08001ed5   Thumb Code   216  stm32f1xx_hal_uart.o(i.HAL_UART_Receive)
    HAL_UART_Receive_IT                      0x08001fad   Thumb Code   112  stm32f1xx_hal_uart.o(i.HAL_UART_Receive_IT)
    HAL_UART_RxCpltCallback                  0x0800201d   Thumb Code   120  usart.o(i.HAL_UART_RxCpltCallback)
    HAL_UART_Transmit                        0x080020a5   Thumb Code   210  stm32f1xx_hal_uart.o(i.HAL_UART_Transmit)
    HAL_UART_TxCpltCallback                  0x08002177   Thumb Code     2  stm32f1xx_hal_uart.o(i.HAL_UART_TxCpltCallback)
    HardFault_Handler                        0x08002179   Thumb Code     4  stm32f1xx_it.o(i.HardFault_Handler)
    MemManage_Handler                        0x0800217d   Thumb Code     4  stm32f1xx_it.o(i.MemManage_Handler)
    NMI_Handler                              0x08002181   Thumb Code     2  stm32f1xx_it.o(i.NMI_Handler)
    PID_Calc                                 0x08002183   Thumb Code   172  atk_ms53l0m_uart.o(i.PID_Calc)
    PID_Init                                 0x0800222f   Thumb Code    18  atk_ms53l0m_uart.o(i.PID_Init)
    PendSV_Handler                           0x08002241   Thumb Code     2  stm32f1xx_it.o(i.PendSV_Handler)
    SVC_Handler                              0x0800226d   Thumb Code     2  stm32f1xx_it.o(i.SVC_Handler)
    Servo_SetAngle                           0x08002271   Thumb Code   104  pwm.o(i.Servo_SetAngle)
    SysTick_Handler                          0x080022e5   Thumb Code     8  stm32f1xx_it.o(i.SysTick_Handler)
    SystemInit                               0x080022ed   Thumb Code     2  system_stm32f1xx.o(i.SystemInit)
    TIM1_PWM_Init                            0x080022f1   Thumb Code    70  pwm.o(i.TIM1_PWM_Init)
    TIM_Base_SetConfig                       0x08002345   Thumb Code   134  stm32f1xx_hal_tim.o(i.TIM_Base_SetConfig)
    TIM_CCxChannelCmd                        0x080023e1   Thumb Code    34  stm32f1xx_hal_tim.o(i.TIM_CCxChannelCmd)
    TIM_OC2_SetConfig                        0x08002475   Thumb Code   114  stm32f1xx_hal_tim.o(i.TIM_OC2_SetConfig)
    TIM_SetTIM1Compare1                      0x080025bd   Thumb Code     6  pwm.o(i.TIM_SetTIM1Compare1)
    UART5_IRQHandler                         0x080025c9   Thumb Code   432  atk_ms53l0m_uart.o(i.UART5_IRQHandler)
    USART1_IRQHandler                        0x08002a75   Thumb Code    26  usart.o(i.USART1_IRQHandler)
    UsageFault_Handler                       0x08002a99   Thumb Code     4  stm32f1xx_it.o(i.UsageFault_Handler)
    __ARM_fpclassify                         0x08002a9d   Thumb Code    40  fpclassify.o(i.__ARM_fpclassify)
    __ieee754_rem_pio2                       0x08002afd   Thumb Code   828  rred.o(i.__ieee754_rem_pio2)
    __kernel_cos                             0x08002e85   Thumb Code   230  cos_i.o(i.__kernel_cos)
    __kernel_poly                            0x08002f81   Thumb Code   170  poly.o(i.__kernel_poly)
    __kernel_sin                             0x0800302d   Thumb Code   224  sin_i.o(i.__kernel_sin)
    __mathlib_dbl_infnan                     0x08003119   Thumb Code     6  dunder.o(i.__mathlib_dbl_infnan)
    __mathlib_dbl_invalid                    0x0800311f   Thumb Code    12  dunder.o(i.__mathlib_dbl_invalid)
    __mathlib_dbl_underflow                  0x0800312d   Thumb Code    10  dunder.o(i.__mathlib_dbl_underflow)
    _is_digit                                0x0800313d   Thumb Code    14  __printf_wp.o(i._is_digit)
    _sys_exit                                0x0800314b   Thumb Code     4  usart.o(i._sys_exit)
    atk_ms53l0m_init                         0x0800316d   Thumb Code   118  atk_ms53l0m.o(i.atk_ms53l0m_init)
    atk_ms53l0m_read_data                    0x08003211   Thumb Code   102  atk_ms53l0m.o(i.atk_ms53l0m_read_data)
    atk_ms53l0m_uart_init                    0x08003279   Thumb Code    38  atk_ms53l0m_uart.o(i.atk_ms53l0m_uart_init)
    atk_ms53l0m_uart_rx_get_frame            0x080032a9   Thumb Code    38  atk_ms53l0m_uart.o(i.atk_ms53l0m_uart_rx_get_frame)
    atk_ms53l0m_uart_rx_get_frame_len        0x080032d5   Thumb Code    30  atk_ms53l0m_uart.o(i.atk_ms53l0m_uart_rx_get_frame_len)
    atk_ms53l0m_uart_rx_restart              0x080032f9   Thumb Code    32  atk_ms53l0m_uart.o(i.atk_ms53l0m_uart_rx_restart)
    atk_ms53l0m_uart_send                    0x0800331d   Thumb Code    22  atk_ms53l0m_uart.o(i.atk_ms53l0m_uart_send)
    atk_ms53l0m_write_data                   0x080034bf   Thumb Code   100  atk_ms53l0m.o(i.atk_ms53l0m_write_data)
    cos                                      0x08003525   Thumb Code   148  cos.o(i.cos)
    delay_init                               0x080035c1   Thumb Code    34  delay.o(i.delay_init)
    delay_ms                                 0x080035e9   Thumb Code    50  delay.o(i.delay_ms)
    delay_us                                 0x08003621   Thumb Code    72  delay.o(i.delay_us)
    fputc                                    0x080036c1   Thumb Code    24  usart.o(i.fputc)
    key_init                                 0x080036dd   Thumb Code   174  key.o(i.key_init)
    lcd_clear                                0x08003799   Thumb Code   114  lcd.o(i.lcd_clear)
    lcd_display_dir                          0x08003819   Thumb Code   360  lcd.o(i.lcd_display_dir)
    lcd_draw_point                           0x08003985   Thumb Code    92  lcd.o(i.lcd_draw_point)
    lcd_ex_ili9341_reginit                   0x080039ed   Thumb Code  1358  lcd.o(i.lcd_ex_ili9341_reginit)
    lcd_ex_ili9806_reginit                   0x08003f45   Thumb Code  1706  lcd.o(i.lcd_ex_ili9806_reginit)
    lcd_ex_nt35310_reginit                   0x080045f9   Thumb Code  5642  lcd.o(i.lcd_ex_nt35310_reginit)
    lcd_ex_nt35510_reginit                   0x08005c0d   Thumb Code  3908  lcd.o(i.lcd_ex_nt35510_reginit)
    lcd_ex_ssd1963_reginit                   0x08006b59   Thumb Code   866  lcd.o(i.lcd_ex_ssd1963_reginit)
    lcd_ex_st7789_reginit                    0x08006ec5   Thumb Code  1046  lcd.o(i.lcd_ex_st7789_reginit)
    lcd_ex_st7796_reginit                    0x080072dd   Thumb Code  1182  lcd.o(i.lcd_ex_st7796_reginit)
    lcd_init                                 0x08007785   Thumb Code  1432  lcd.o(i.lcd_init)
    lcd_scan_dir                             0x08007db1   Thumb Code  1306  lcd.o(i.lcd_scan_dir)
    lcd_set_cursor                           0x080082d9   Thumb Code  1094  lcd.o(i.lcd_set_cursor)
    lcd_show_char                            0x08008729   Thumb Code   294  lcd.o(i.lcd_show_char)
    lcd_show_string                          0x08008869   Thumb Code   106  lcd.o(i.lcd_show_string)
    lcd_ssd_backlight_set                    0x080088d5   Thumb Code   252  lcd.o(i.lcd_ssd_backlight_set)
    lcd_wr_xdata                             0x080089dd   Thumb Code    32  lcd.o(i.lcd_wr_xdata)
    lcd_write_reg                            0x08008a05   Thumb Code    70  lcd.o(i.lcd_write_reg)
    led_init                                 0x08008a55   Thumb Code   132  led.o(i.led_init)
    main                                     0x08008ae5   Thumb Code    86  main.o(i.main)
    show_mesg                                0x08008b51   Thumb Code   184  main.o(i.show_mesg)
    sin                                      0x08008cc9   Thumb Code   150  sin.o(i.sin)
    sys_stm32_clock_init                     0x08008d69   Thumb Code    86  sys.o(i.sys_stm32_clock_init)
    usart_init                               0x08008dc1   Thumb Code    44  usart.o(i.usart_init)
    __aeabi_dadd                             0x08008df9   Thumb Code     0  daddsub_clz.o(x$fpl$dadd)
    _dadd                                    0x08008df9   Thumb Code   332  daddsub_clz.o(x$fpl$dadd)
    __fpl_dcheck_NaN1                        0x08008f49   Thumb Code    10  dcheck1.o(x$fpl$dcheck1)
    __aeabi_ddiv                             0x08008f59   Thumb Code     0  ddiv.o(x$fpl$ddiv)
    _ddiv                                    0x08008f59   Thumb Code   552  ddiv.o(x$fpl$ddiv)
    __aeabi_d2iz                             0x08009209   Thumb Code     0  dfix.o(x$fpl$dfix)
    _dfix                                    0x08009209   Thumb Code    94  dfix.o(x$fpl$dfix)
    __aeabi_d2uiz                            0x08009269   Thumb Code     0  dfixu.o(x$fpl$dfixu)
    _dfixu                                   0x08009269   Thumb Code    90  dfixu.o(x$fpl$dfixu)
    __aeabi_i2d                              0x080092c3   Thumb Code     0  dflt_clz.o(x$fpl$dflt)
    _dflt                                    0x080092c3   Thumb Code    46  dflt_clz.o(x$fpl$dflt)
    __aeabi_ui2d                             0x080092f1   Thumb Code     0  dflt_clz.o(x$fpl$dfltu)
    _dfltu                                   0x080092f1   Thumb Code    38  dflt_clz.o(x$fpl$dfltu)
    __aeabi_dmul                             0x08009319   Thumb Code     0  dmul.o(x$fpl$dmul)
    _dmul                                    0x08009319   Thumb Code   332  dmul.o(x$fpl$dmul)
    __fpl_dnaninf                            0x0800946d   Thumb Code   156  dnaninf.o(x$fpl$dnaninf)
    __fpl_dretinf                            0x08009509   Thumb Code    12  dretinf.o(x$fpl$dretinf)
    __aeabi_drsub                            0x08009515   Thumb Code     0  daddsub_clz.o(x$fpl$drsb)
    _drsb                                    0x08009515   Thumb Code    22  daddsub_clz.o(x$fpl$drsb)
    __aeabi_dsub                             0x0800952d   Thumb Code     0  daddsub_clz.o(x$fpl$dsub)
    _dsub                                    0x0800952d   Thumb Code   464  daddsub_clz.o(x$fpl$dsub)
    __aeabi_fadd                             0x08009701   Thumb Code     0  faddsub_clz.o(x$fpl$fadd)
    _fadd                                    0x08009701   Thumb Code   196  faddsub_clz.o(x$fpl$fadd)
    __fpl_fcmp_Inf                           0x080097c5   Thumb Code    24  fcmpi.o(x$fpl$fcmpinf)
    __aeabi_fdiv                             0x080097dd   Thumb Code     0  fdiv.o(x$fpl$fdiv)
    _fdiv                                    0x080097dd   Thumb Code   384  fdiv.o(x$fpl$fdiv)
    __aeabi_f2uiz                            0x08009961   Thumb Code     0  ffixu.o(x$fpl$ffixu)
    _ffixu                                   0x08009961   Thumb Code    62  ffixu.o(x$fpl$ffixu)
    __aeabi_ui2f                             0x080099a1   Thumb Code     0  fflt_clz.o(x$fpl$ffltu)
    _ffltu                                   0x080099a1   Thumb Code    38  fflt_clz.o(x$fpl$ffltu)
    __aeabi_cfcmple                          0x080099c9   Thumb Code     0  fleqf.o(x$fpl$fleqf)
    _fcmple                                  0x080099c9   Thumb Code   104  fleqf.o(x$fpl$fleqf)
    __fpl_fcmple_InfNaN                      0x08009a1b   Thumb Code     0  fleqf.o(x$fpl$fleqf)
    __aeabi_fmul                             0x08009a31   Thumb Code     0  fmul.o(x$fpl$fmul)
    _fmul                                    0x08009a31   Thumb Code   258  fmul.o(x$fpl$fmul)
    __fpl_fnaninf                            0x08009b33   Thumb Code   140  fnaninf.o(x$fpl$fnaninf)
    __fpl_fretinf                            0x08009bbf   Thumb Code    10  fretinf.o(x$fpl$fretinf)
    __aeabi_cfrcmple                         0x08009bc9   Thumb Code     0  frleqf.o(x$fpl$frleqf)
    _frcmple                                 0x08009bc9   Thumb Code    98  frleqf.o(x$fpl$frleqf)
    __aeabi_fsub                             0x08009c2d   Thumb Code     0  faddsub_clz.o(x$fpl$fsub)
    _fsub                                    0x08009c2d   Thumb Code   234  faddsub_clz.o(x$fpl$fsub)
    __fpl_return_NaN                         0x08009d17   Thumb Code   100  retnan.o(x$fpl$retnan)
    __ARM_scalbn                             0x08009d7b   Thumb Code    92  scalbn.o(x$fpl$scalbn)
    __fpl_cmpreturn                          0x08009dd7   Thumb Code    48  trapv.o(x$fpl$trapveneer)
    AHBPrescTable                            0x08009e06   Data          16  system_stm32f1xx.o(.constdata)
    __I$use$fp                               0x08009e06   Number         0  usenofp.o(x$fpl$usenofp)
    APBPrescTable                            0x08009e16   Data           8  system_stm32f1xx.o(.constdata)
    asc2_1206                                0x08009e1e   Data        1140  lcd.o(.constdata)
    asc2_1608                                0x0800a292   Data        1520  lcd.o(.constdata)
    asc2_2412                                0x0800a882   Data        3420  lcd.o(.constdata)
    asc2_3216                                0x0800b5de   Data        6080  lcd.o(.constdata)
    Region$$Table$$Base                      0x0800cef8   Number         0  anon$$obj.o(Region$$Table)
    Region$$Table$$Limit                     0x0800cf18   Number         0  anon$$obj.o(Region$$Table)
    SystemCoreClock                          0x20000000   Data           4  system_stm32f1xx.o(.data)
    Id                                       0x20000004   Data           2  demo.o(.data)
    __stdout                                 0x20000008   Data           4  usart.o(.data)
    g_usart_rx_sta                           0x2000000c   Data           2  usart.o(.data)
    g_rx_buffer                              0x2000000e   Data           1  usart.o(.data)
    uwTick                                   0x20000010   Data           4  stm32f1xx_hal.o(.data)
    uwTickPrio                               0x20000014   Data           4  stm32f1xx_hal.o(.data)
    uwTickFreq                               0x20000018   Data           1  stm32f1xx_hal.o(.data)
    g_point_color                            0x2000001c   Data           4  lcd.o(.data)
    g_back_color                             0x20000020   Data           4  lcd.o(.data)
    OKFlag                                   0x20000024   Data           2  atk_ms53l0m.o(.data)
    DatFlag                                  0x20000028   Data           2  atk_ms53l0m_uart.o(.data)
    dat                                      0x2000002a   Data           2  atk_ms53l0m_uart.o(.data)
    i                                        0x2000002c   Data           4  atk_ms53l0m_uart.o(.data)
    cnt                                      0x20000030   Data           4  atk_ms53l0m_uart.o(.data)
    sum                                      0x20000034   Data           2  atk_ms53l0m_uart.o(.data)
    angle                                    0x20000038   Data           4  atk_ms53l0m_uart.o(.data)
    mypid                                    0x2000003c   Data          36  main.o(.bss)
    g_usart_rx_buf                           0x20000060   Data         200  usart.o(.bss)
    g_uart1_handle                           0x20000128   Data          64  usart.o(.bss)
    lcddev                                   0x20000168   Data          14  lcd.o(.bss)
    buf                                      0x2000023a   Data          10  atk_ms53l0m_uart.o(.bss)
    TIM1_Handler                             0x20000244   Data          72  pwm.o(.bss)
    TIM1_CH1Handler                          0x2000028c   Data          28  pwm.o(.bss)
    __libspace_start                         0x200002a8   Data          96  libspace.o(.bss)
    __temporary_stack_top$libspace           0x20000308   Data           0  libspace.o(.bss)



==============================================================================

Memory Map of the image

  Image Entry point : 0x08000131

  Load Region LR_IROM1 (Base: 0x08000000, Size: 0x0000cf54, Max: 0x00040000, ABSOLUTE)

    Execution Region ER_IROM1 (Exec base: 0x08000000, Load base: 0x08000000, Size: 0x0000cf18, Max: 0x00040000, ABSOLUTE)

    Exec Addr    Load Addr    Size         Type   Attr      Idx    E Section Name        Object

    0x08000000   0x08000000   0x00000130   Data   RO            3    RESET               startup_stm32f103xe.o
    0x08000130   0x08000130   0x00000008   Code   RO         3713  * !!!main             c_w.l(__main.o)
    0x08000138   0x08000138   0x00000034   Code   RO         4005    !!!scatter          c_w.l(__scatter.o)
    0x0800016c   0x0800016c   0x0000001a   Code   RO         4007    !!handler_copy      c_w.l(__scatter_copy.o)
    0x08000186   0x08000186   0x00000002   PAD
    0x08000188   0x08000188   0x0000001c   Code   RO         4009    !!handler_zi        c_w.l(__scatter_zi.o)
    0x080001a4   0x080001a4   0x00000000   Code   RO         3708    .ARM.Collect$$_printf_percent$$00000000  c_w.l(_printf_percent.o)
    0x080001a4   0x080001a4   0x00000006   Code   RO         3707    .ARM.Collect$$_printf_percent$$00000009  c_w.l(_printf_d.o)
    0x080001aa   0x080001aa   0x00000006   Code   RO         3706    .ARM.Collect$$_printf_percent$$0000000C  c_w.l(_printf_x.o)
    0x080001b0   0x080001b0   0x00000006   Code   RO         3705    .ARM.Collect$$_printf_percent$$00000014  c_w.l(_printf_s.o)
    0x080001b6   0x080001b6   0x00000004   Code   RO         3790    .ARM.Collect$$_printf_percent$$00000017  c_w.l(_printf_percent_end.o)
    0x080001ba   0x080001ba   0x00000002   Code   RO         3882    .ARM.Collect$$libinit$$00000000  c_w.l(libinit.o)
    0x080001bc   0x080001bc   0x00000000   Code   RO         3888    .ARM.Collect$$libinit$$00000002  c_w.l(libinit2.o)
    0x080001bc   0x080001bc   0x00000000   Code   RO         3890    .ARM.Collect$$libinit$$00000004  c_w.l(libinit2.o)
    0x080001bc   0x080001bc   0x00000000   Code   RO         3893    .ARM.Collect$$libinit$$0000000A  c_w.l(libinit2.o)
    0x080001bc   0x080001bc   0x00000000   Code   RO         3895    .ARM.Collect$$libinit$$0000000C  c_w.l(libinit2.o)
    0x080001bc   0x080001bc   0x00000000   Code   RO         3897    .ARM.Collect$$libinit$$0000000E  c_w.l(libinit2.o)
    0x080001bc   0x080001bc   0x00000000   Code   RO         3900    .ARM.Collect$$libinit$$00000011  c_w.l(libinit2.o)
    0x080001bc   0x080001bc   0x00000000   Code   RO         3902    .ARM.Collect$$libinit$$00000013  c_w.l(libinit2.o)
    0x080001bc   0x080001bc   0x00000000   Code   RO         3904    .ARM.Collect$$libinit$$00000015  c_w.l(libinit2.o)
    0x080001bc   0x080001bc   0x00000000   Code   RO         3906    .ARM.Collect$$libinit$$00000017  c_w.l(libinit2.o)
    0x080001bc   0x080001bc   0x00000000   Code   RO         3908    .ARM.Collect$$libinit$$00000019  c_w.l(libinit2.o)
    0x080001bc   0x080001bc   0x00000000   Code   RO         3910    .ARM.Collect$$libinit$$0000001B  c_w.l(libinit2.o)
    0x080001bc   0x080001bc   0x00000000   Code   RO         3912    .ARM.Collect$$libinit$$0000001D  c_w.l(libinit2.o)
    0x080001bc   0x080001bc   0x00000000   Code   RO         3914    .ARM.Collect$$libinit$$0000001F  c_w.l(libinit2.o)
    0x080001bc   0x080001bc   0x00000000   Code   RO         3916    .ARM.Collect$$libinit$$00000021  c_w.l(libinit2.o)
    0x080001bc   0x080001bc   0x00000000   Code   RO         3918    .ARM.Collect$$libinit$$00000023  c_w.l(libinit2.o)
    0x080001bc   0x080001bc   0x00000000   Code   RO         3920    .ARM.Collect$$libinit$$00000025  c_w.l(libinit2.o)
    0x080001bc   0x080001bc   0x00000000   Code   RO         3924    .ARM.Collect$$libinit$$0000002C  c_w.l(libinit2.o)
    0x080001bc   0x080001bc   0x00000000   Code   RO         3926    .ARM.Collect$$libinit$$0000002E  c_w.l(libinit2.o)
    0x080001bc   0x080001bc   0x00000000   Code   RO         3928    .ARM.Collect$$libinit$$00000030  c_w.l(libinit2.o)
    0x080001bc   0x080001bc   0x00000000   Code   RO         3930    .ARM.Collect$$libinit$$00000032  c_w.l(libinit2.o)
    0x080001bc   0x080001bc   0x00000002   Code   RO         3931    .ARM.Collect$$libinit$$00000033  c_w.l(libinit2.o)
    0x080001be   0x080001be   0x00000002   Code   RO         3953    .ARM.Collect$$libshutdown$$00000000  c_w.l(libshutdown.o)
    0x080001c0   0x080001c0   0x00000000   Code   RO         3962    .ARM.Collect$$libshutdown$$00000003  c_w.l(libshutdown2.o)
    0x080001c0   0x080001c0   0x00000000   Code   RO         3965    .ARM.Collect$$libshutdown$$00000006  c_w.l(libshutdown2.o)
    0x080001c0   0x080001c0   0x00000000   Code   RO         3968    .ARM.Collect$$libshutdown$$00000009  c_w.l(libshutdown2.o)
    0x080001c0   0x080001c0   0x00000000   Code   RO         3970    .ARM.Collect$$libshutdown$$0000000B  c_w.l(libshutdown2.o)
    0x080001c0   0x080001c0   0x00000000   Code   RO         3973    .ARM.Collect$$libshutdown$$0000000E  c_w.l(libshutdown2.o)
    0x080001c0   0x080001c0   0x00000002   Code   RO         3974    .ARM.Collect$$libshutdown$$0000000F  c_w.l(libshutdown2.o)
    0x080001c2   0x080001c2   0x00000000   Code   RO         3777    .ARM.Collect$$rtentry$$00000000  c_w.l(__rtentry.o)
    0x080001c2   0x080001c2   0x00000000   Code   RO         3831    .ARM.Collect$$rtentry$$00000002  c_w.l(__rtentry2.o)
    0x080001c2   0x080001c2   0x00000006   Code   RO         3843    .ARM.Collect$$rtentry$$00000004  c_w.l(__rtentry4.o)
    0x080001c8   0x080001c8   0x00000000   Code   RO         3833    .ARM.Collect$$rtentry$$00000009  c_w.l(__rtentry2.o)
    0x080001c8   0x080001c8   0x00000004   Code   RO         3834    .ARM.Collect$$rtentry$$0000000A  c_w.l(__rtentry2.o)
    0x080001cc   0x080001cc   0x00000000   Code   RO         3836    .ARM.Collect$$rtentry$$0000000C  c_w.l(__rtentry2.o)
    0x080001cc   0x080001cc   0x00000008   Code   RO         3837    .ARM.Collect$$rtentry$$0000000D  c_w.l(__rtentry2.o)
    0x080001d4   0x080001d4   0x00000002   Code   RO         3885    .ARM.Collect$$rtexit$$00000000  c_w.l(rtexit.o)
    0x080001d6   0x080001d6   0x00000000   Code   RO         3935    .ARM.Collect$$rtexit$$00000002  c_w.l(rtexit2.o)
    0x080001d6   0x080001d6   0x00000004   Code   RO         3936    .ARM.Collect$$rtexit$$00000003  c_w.l(rtexit2.o)
    0x080001da   0x080001da   0x00000006   Code   RO         3937    .ARM.Collect$$rtexit$$00000004  c_w.l(rtexit2.o)
    0x080001e0   0x080001e0   0x00000040   Code   RO            4    .text               startup_stm32f103xe.o
    0x08000220   0x08000220   0x00000002   Code   RO         3646    .text               c_w.l(use_no_semi_2.o)
    0x08000222   0x08000222   0x00000002   PAD
    0x08000224   0x08000224   0x00000018   Code   RO         3652    .text               c_w.l(noretval__2printf.o)
    0x0800023c   0x0800023c   0x00000028   Code   RO         3654    .text               c_w.l(noretval__2sprintf.o)
    0x08000264   0x08000264   0x0000004e   Code   RO         3658    .text               c_w.l(_printf_pad.o)
    0x080002b2   0x080002b2   0x00000052   Code   RO         3660    .text               c_w.l(_printf_str.o)
    0x08000304   0x08000304   0x00000078   Code   RO         3662    .text               c_w.l(_printf_dec.o)
    0x0800037c   0x0800037c   0x00000058   Code   RO         3667    .text               c_w.l(_printf_hex_int.o)
    0x080003d4   0x080003d4   0x00000138   Code   RO         3697    .text               c_w.l(__printf_flags_wp.o)
    0x0800050c   0x0800050c   0x00000006   Code   RO         3711    .text               c_w.l(heapauxi.o)
    0x08000512   0x08000512   0x00000002   Code   RO         3775    .text               c_w.l(use_no_semi.o)
    0x08000514   0x08000514   0x00000016   Code   RO         3778    .text               c_w.l(_rserrno.o)
    0x0800052a   0x0800052a   0x000000b2   Code   RO         3780    .text               c_w.l(_printf_intcommon.o)
    0x080005dc   0x080005dc   0x00000030   Code   RO         3782    .text               c_w.l(_printf_char_common.o)
    0x0800060c   0x0800060c   0x0000000a   Code   RO         3784    .text               c_w.l(_sputc.o)
    0x08000616   0x08000616   0x0000002c   Code   RO         3786    .text               c_w.l(_printf_char.o)
    0x08000642   0x08000642   0x00000002   PAD
    0x08000644   0x08000644   0x00000024   Code   RO         3788    .text               c_w.l(_printf_char_file.o)
    0x08000668   0x08000668   0x00000008   Code   RO         3848    .text               c_w.l(rt_errno_addr_intlibspace.o)
    0x08000670   0x08000670   0x00000008   Code   RO         3852    .text               c_w.l(ferror.o)
    0x08000678   0x08000678   0x00000008   Code   RO         3870    .text               c_w.l(libspace.o)
    0x08000680   0x08000680   0x0000004a   Code   RO         3873    .text               c_w.l(sys_stackheap_outer.o)
    0x080006ca   0x080006ca   0x0000000c   Code   RO         3875    .text               c_w.l(exit.o)
    0x080006d6   0x080006d6   0x00000002   PAD
    0x080006d8   0x080006d8   0x00000068   Code   RO          501    i.ATK_MS53L0MInit   demo.o
    0x08000740   0x08000740   0x00000004   Code   RO          298    i.BusFault_Handler  stm32f1xx_it.o
    0x08000744   0x08000744   0x00000002   Code   RO          299    i.DebugMon_Handler  stm32f1xx_it.o
    0x08000746   0x08000746   0x00000002   PAD
    0x08000748   0x08000748   0x00000338   Code   RO         3473    i.FitData           atk_ms53l0m_uart.o
    0x08000a80   0x08000a80   0x000000b4   Code   RO         3474    i.GetData           atk_ms53l0m_uart.o
    0x08000b34   0x08000b34   0x000001a8   Code   RO         1051    i.HAL_DMA_Abort_IT  stm32f1xx_hal_dma.o
    0x08000cdc   0x08000cdc   0x00000340   Code   RO         1147    i.HAL_GPIO_Init     stm32f1xx_hal_gpio.o
    0x0800101c   0x0800101c   0x00000014   Code   RO         1150    i.HAL_GPIO_TogglePin  stm32f1xx_hal_gpio.o
    0x08001030   0x08001030   0x0000000c   Code   RO         1151    i.HAL_GPIO_WritePin  stm32f1xx_hal_gpio.o
    0x0800103c   0x0800103c   0x0000000c   Code   RO          764    i.HAL_GetTick       stm32f1xx_hal.o
    0x08001048   0x08001048   0x00000018   Code   RO          770    i.HAL_IncTick       stm32f1xx_hal.o
    0x08001060   0x08001060   0x00000028   Code   RO          771    i.HAL_Init          stm32f1xx_hal.o
    0x08001088   0x08001088   0x0000004c   Code   RO          772    i.HAL_InitTick      stm32f1xx_hal.o
    0x080010d4   0x080010d4   0x00000002   Code   RO          774    i.HAL_MspInit       stm32f1xx_hal.o
    0x080010d6   0x080010d6   0x00000020   Code   RO          929    i.HAL_NVIC_EnableIRQ  stm32f1xx_hal_cortex.o
    0x080010f6   0x080010f6   0x0000007c   Code   RO          935    i.HAL_NVIC_SetPriority  stm32f1xx_hal_cortex.o
    0x08001172   0x08001172   0x00000002   PAD
    0x08001174   0x08001174   0x00000028   Code   RO          936    i.HAL_NVIC_SetPriorityGrouping  stm32f1xx_hal_cortex.o
    0x0800119c   0x0800119c   0x0000018c   Code   RO         1372    i.HAL_RCC_ClockConfig  stm32f1xx_hal_rcc.o
    0x08001328   0x08001328   0x0000000c   Code   RO         1377    i.HAL_RCC_GetHCLKFreq  stm32f1xx_hal_rcc.o
    0x08001334   0x08001334   0x00000020   Code   RO         1379    i.HAL_RCC_GetPCLK1Freq  stm32f1xx_hal_rcc.o
    0x08001354   0x08001354   0x00000020   Code   RO         1380    i.HAL_RCC_GetPCLK2Freq  stm32f1xx_hal_rcc.o
    0x08001374   0x08001374   0x00000094   Code   RO         1381    i.HAL_RCC_GetSysClockFreq  stm32f1xx_hal_rcc.o
    0x08001408   0x08001408   0x00000464   Code   RO         1384    i.HAL_RCC_OscConfig  stm32f1xx_hal_rcc.o
    0x0800186c   0x0800186c   0x00000028   Code   RO          938    i.HAL_SYSTICK_CLKSourceConfig  stm32f1xx_hal_cortex.o
    0x08001894   0x08001894   0x00000034   Code   RO          940    i.HAL_SYSTICK_Config  stm32f1xx_hal_cortex.o
    0x080018c8   0x080018c8   0x000000fc   Code   RO         2185    i.HAL_TIM_PWM_ConfigChannel  stm32f1xx_hal_tim.o
    0x080019c4   0x080019c4   0x00000066   Code   RO         2188    i.HAL_TIM_PWM_Init  stm32f1xx_hal_tim.o
    0x08001a2a   0x08001a2a   0x00000002   PAD
    0x08001a2c   0x08001a2c   0x0000006c   Code   RO         3587    i.HAL_TIM_PWM_MspInit  pwm.o
    0x08001a98   0x08001a98   0x000000f4   Code   RO         2193    i.HAL_TIM_PWM_Start  stm32f1xx_hal_tim.o
    0x08001b8c   0x08001b8c   0x00000002   Code   RO         1535    i.HAL_UART_ErrorCallback  stm32f1xx_hal_uart.o
    0x08001b8e   0x08001b8e   0x00000002   PAD
    0x08001b90   0x08001b90   0x00000154   Code   RO         1538    i.HAL_UART_IRQHandler  stm32f1xx_hal_uart.o
    0x08001ce4   0x08001ce4   0x00000072   Code   RO         1539    i.HAL_UART_Init     stm32f1xx_hal_uart.o
    0x08001d56   0x08001d56   0x00000002   PAD
    0x08001d58   0x08001d58   0x0000017c   Code   RO          676    i.HAL_UART_MspInit  usart.o
    0x08001ed4   0x08001ed4   0x000000d8   Code   RO         1542    i.HAL_UART_Receive  stm32f1xx_hal_uart.o
    0x08001fac   0x08001fac   0x00000070   Code   RO         1544    i.HAL_UART_Receive_IT  stm32f1xx_hal_uart.o
    0x0800201c   0x0800201c   0x00000088   Code   RO          677    i.HAL_UART_RxCpltCallback  usart.o
    0x080020a4   0x080020a4   0x000000d2   Code   RO         1547    i.HAL_UART_Transmit  stm32f1xx_hal_uart.o
    0x08002176   0x08002176   0x00000002   Code   RO         1550    i.HAL_UART_TxCpltCallback  stm32f1xx_hal_uart.o
    0x08002178   0x08002178   0x00000004   Code   RO          300    i.HardFault_Handler  stm32f1xx_it.o
    0x0800217c   0x0800217c   0x00000004   Code   RO          301    i.MemManage_Handler  stm32f1xx_it.o
    0x08002180   0x08002180   0x00000002   Code   RO          302    i.NMI_Handler       stm32f1xx_it.o
    0x08002182   0x08002182   0x000000ac   Code   RO         3475    i.PID_Calc          atk_ms53l0m_uart.o
    0x0800222e   0x0800222e   0x00000012   Code   RO         3476    i.PID_Init          atk_ms53l0m_uart.o
    0x08002240   0x08002240   0x00000002   Code   RO          303    i.PendSV_Handler    stm32f1xx_it.o
    0x08002242   0x08002242   0x00000002   PAD
    0x08002244   0x08002244   0x00000028   Code   RO         1385    i.RCC_Delay         stm32f1xx_hal_rcc.o
    0x0800226c   0x0800226c   0x00000002   Code   RO          304    i.SVC_Handler       stm32f1xx_it.o
    0x0800226e   0x0800226e   0x00000002   PAD
    0x08002270   0x08002270   0x00000074   Code   RO         3588    i.Servo_SetAngle    pwm.o
    0x080022e4   0x080022e4   0x00000008   Code   RO          305    i.SysTick_Handler   stm32f1xx_it.o
    0x080022ec   0x080022ec   0x00000002   Code   RO          262    i.SystemInit        system_stm32f1xx.o
    0x080022ee   0x080022ee   0x00000002   PAD
    0x080022f0   0x080022f0   0x00000054   Code   RO         3591    i.TIM1_PWM_Init     pwm.o
    0x08002344   0x08002344   0x0000009c   Code   RO         2206    i.TIM_Base_SetConfig  stm32f1xx_hal_tim.o
    0x080023e0   0x080023e0   0x00000022   Code   RO         2207    i.TIM_CCxChannelCmd  stm32f1xx_hal_tim.o
    0x08002402   0x08002402   0x00000002   PAD
    0x08002404   0x08002404   0x00000070   Code   RO         2219    i.TIM_OC1_SetConfig  stm32f1xx_hal_tim.o
    0x08002474   0x08002474   0x0000007c   Code   RO         2220    i.TIM_OC2_SetConfig  stm32f1xx_hal_tim.o
    0x080024f0   0x080024f0   0x00000078   Code   RO         2221    i.TIM_OC3_SetConfig  stm32f1xx_hal_tim.o
    0x08002568   0x08002568   0x00000054   Code   RO         2222    i.TIM_OC4_SetConfig  stm32f1xx_hal_tim.o
    0x080025bc   0x080025bc   0x0000000c   Code   RO         3592    i.TIM_SetTIM1Compare1  pwm.o
    0x080025c8   0x080025c8   0x000001f0   Code   RO         3477    i.UART5_IRQHandler  atk_ms53l0m_uart.o
    0x080027b8   0x080027b8   0x00000014   Code   RO         1552    i.UART_DMAAbortOnError  stm32f1xx_hal_uart.o
    0x080027cc   0x080027cc   0x00000020   Code   RO         1562    i.UART_EndRxTransfer  stm32f1xx_hal_uart.o
    0x080027ec   0x080027ec   0x00000020   Code   RO         1563    i.UART_EndTransmit_IT  stm32f1xx_hal_uart.o
    0x0800280c   0x0800280c   0x000000a0   Code   RO         1565    i.UART_Receive_IT   stm32f1xx_hal_uart.o
    0x080028ac   0x080028ac   0x000000fc   Code   RO         1566    i.UART_SetConfig    stm32f1xx_hal_uart.o
    0x080029a8   0x080029a8   0x00000060   Code   RO         1567    i.UART_Transmit_IT  stm32f1xx_hal_uart.o
    0x08002a08   0x08002a08   0x0000006c   Code   RO         1568    i.UART_WaitOnFlagUntilTimeout  stm32f1xx_hal_uart.o
    0x08002a74   0x08002a74   0x00000024   Code   RO          678    i.USART1_IRQHandler  usart.o
    0x08002a98   0x08002a98   0x00000004   Code   RO          306    i.UsageFault_Handler  stm32f1xx_it.o
    0x08002a9c   0x08002a9c   0x00000028   Code   RO         3866    i.__ARM_fpclassify  m_ws.l(fpclassify.o)
    0x08002ac4   0x08002ac4   0x00000010   Code   RO          942    i.__NVIC_GetPriorityGrouping  stm32f1xx_hal_cortex.o
    0x08002ad4   0x08002ad4   0x00000028   Code   RO          943    i.__NVIC_SetPriority  stm32f1xx_hal_cortex.o
    0x08002afc   0x08002afc   0x00000388   Code   RO         3819    i.__ieee754_rem_pio2  m_ws.l(rred.o)
    0x08002e84   0x08002e84   0x000000fc   Code   RO         3802    i.__kernel_cos      m_ws.l(cos_i.o)
    0x08002f80   0x08002f80   0x000000aa   Code   RO         3868    i.__kernel_poly     m_ws.l(poly.o)
    0x0800302a   0x0800302a   0x00000002   PAD
    0x0800302c   0x0800302c   0x000000ec   Code   RO         3824    i.__kernel_sin      m_ws.l(sin_i.o)
    0x08003118   0x08003118   0x00000006   Code   RO         3806    i.__mathlib_dbl_infnan  m_ws.l(dunder.o)
    0x0800311e   0x0800311e   0x0000000c   Code   RO         3808    i.__mathlib_dbl_invalid  m_ws.l(dunder.o)
    0x0800312a   0x0800312a   0x00000002   PAD
    0x0800312c   0x0800312c   0x00000010   Code   RO         3811    i.__mathlib_dbl_underflow  m_ws.l(dunder.o)
    0x0800313c   0x0800313c   0x0000000e   Code   RO         3695    i._is_digit         c_w.l(__printf_wp.o)
    0x0800314a   0x0800314a   0x00000004   Code   RO          680    i._sys_exit         usart.o
    0x0800314e   0x0800314e   0x0000001c   Code   RO         3409    i.atk_ms53l0m_crc_check_sum  atk_ms53l0m.o
    0x0800316a   0x0800316a   0x00000002   PAD
    0x0800316c   0x0800316c   0x000000a4   Code   RO         3410    i.atk_ms53l0m_init  atk_ms53l0m.o
    0x08003210   0x08003210   0x00000066   Code   RO         3413    i.atk_ms53l0m_read_data  atk_ms53l0m.o
    0x08003276   0x08003276   0x00000002   PAD
    0x08003278   0x08003278   0x00000030   Code   RO         3478    i.atk_ms53l0m_uart_init  atk_ms53l0m_uart.o
    0x080032a8   0x080032a8   0x0000002c   Code   RO         3479    i.atk_ms53l0m_uart_rx_get_frame  atk_ms53l0m_uart.o
    0x080032d4   0x080032d4   0x00000024   Code   RO         3480    i.atk_ms53l0m_uart_rx_get_frame_len  atk_ms53l0m_uart.o
    0x080032f8   0x080032f8   0x00000024   Code   RO         3481    i.atk_ms53l0m_uart_rx_restart  atk_ms53l0m_uart.o
    0x0800331c   0x0800331c   0x0000001c   Code   RO         3482    i.atk_ms53l0m_uart_send  atk_ms53l0m_uart.o
    0x08003338   0x08003338   0x00000186   Code   RO         3414    i.atk_ms53l0m_unpack_recv_data  atk_ms53l0m.o
    0x080034be   0x080034be   0x00000064   Code   RO         3415    i.atk_ms53l0m_write_data  atk_ms53l0m.o
    0x08003522   0x08003522   0x00000002   PAD
    0x08003524   0x08003524   0x0000009c   Code   RO         3760    i.cos               m_ws.l(cos.o)
    0x080035c0   0x080035c0   0x00000028   Code   RO          560    i.delay_init        delay.o
    0x080035e8   0x080035e8   0x00000038   Code   RO          561    i.delay_ms          delay.o
    0x08003620   0x08003620   0x0000004c   Code   RO          562    i.delay_us          delay.o
    0x0800366c   0x0800366c   0x00000054   Code   RO          506    i.demo_show_id      demo.o
    0x080036c0   0x080036c0   0x0000001c   Code   RO          682    i.fputc             usart.o
    0x080036dc   0x080036dc   0x000000bc   Code   RO         3119    i.key_init          key.o
    0x08003798   0x08003798   0x00000080   Code   RO         3150    i.lcd_clear         lcd.o
    0x08003818   0x08003818   0x0000016c   Code   RO         3152    i.lcd_display_dir   lcd.o
    0x08003984   0x08003984   0x00000068   Code   RO         3158    i.lcd_draw_point    lcd.o
    0x080039ec   0x080039ec   0x00000558   Code   RO         3160    i.lcd_ex_ili9341_reginit  lcd.o
    0x08003f44   0x08003f44   0x000006b4   Code   RO         3161    i.lcd_ex_ili9806_reginit  lcd.o
    0x080045f8   0x080045f8   0x00001614   Code   RO         3162    i.lcd_ex_nt35310_reginit  lcd.o
    0x08005c0c   0x08005c0c   0x00000f4c   Code   RO         3163    i.lcd_ex_nt35510_reginit  lcd.o
    0x08006b58   0x08006b58   0x0000036c   Code   RO         3164    i.lcd_ex_ssd1963_reginit  lcd.o
    0x08006ec4   0x08006ec4   0x00000416   Code   RO         3165    i.lcd_ex_st7789_reginit  lcd.o
    0x080072da   0x080072da   0x00000002   PAD
    0x080072dc   0x080072dc   0x000004a8   Code   RO         3166    i.lcd_ex_st7796_reginit  lcd.o
    0x08007784   0x08007784   0x000005b0   Code   RO         3169    i.lcd_init          lcd.o
    0x08007d34   0x08007d34   0x0000000c   Code   RO         3170    i.lcd_opt_delay     lcd.o
    0x08007d40   0x08007d40   0x00000070   Code   RO         3172    i.lcd_rd_data       lcd.o
    0x08007db0   0x08007db0   0x00000528   Code   RO         3174    i.lcd_scan_dir      lcd.o
    0x080082d8   0x080082d8   0x00000450   Code   RO         3175    i.lcd_set_cursor    lcd.o
    0x08008728   0x08008728   0x00000140   Code   RO         3177    i.lcd_show_char     lcd.o
    0x08008868   0x08008868   0x0000006a   Code   RO         3179    i.lcd_show_string   lcd.o
    0x080088d2   0x080088d2   0x00000002   PAD
    0x080088d4   0x080088d4   0x00000108   Code   RO         3181    i.lcd_ssd_backlight_set  lcd.o
    0x080089dc   0x080089dc   0x00000028   Code   RO         3182    i.lcd_wr_xdata      lcd.o
    0x08008a04   0x08008a04   0x00000050   Code   RO         3183    i.lcd_write_reg     lcd.o
    0x08008a54   0x08008a54   0x00000090   Code   RO         3095    i.led_init          led.o
    0x08008ae4   0x08008ae4   0x0000006c   Code   RO           13    i.main              main.o
    0x08008b50   0x08008b50   0x00000178   Code   RO           14    i.show_mesg         main.o
    0x08008cc8   0x08008cc8   0x000000a0   Code   RO         3768    i.sin               m_ws.l(sin.o)
    0x08008d68   0x08008d68   0x00000056   Code   RO          609    i.sys_stm32_clock_init  sys.o
    0x08008dbe   0x08008dbe   0x00000002   PAD
    0x08008dc0   0x08008dc0   0x00000038   Code   RO          683    i.usart_init        usart.o
    0x08008df8   0x08008df8   0x00000150   Code   RO         3715    x$fpl$dadd          fz_ws.l(daddsub_clz.o)
    0x08008f48   0x08008f48   0x00000010   Code   RO         3883    x$fpl$dcheck1       fz_ws.l(dcheck1.o)
    0x08008f58   0x08008f58   0x000002b0   Code   RO         3857    x$fpl$ddiv          fz_ws.l(ddiv.o)
    0x08009208   0x08009208   0x0000005e   Code   RO         3860    x$fpl$dfix          fz_ws.l(dfix.o)
    0x08009266   0x08009266   0x00000002   PAD
    0x08009268   0x08009268   0x0000005a   Code   RO         3721    x$fpl$dfixu         fz_ws.l(dfixu.o)
    0x080092c2   0x080092c2   0x0000002e   Code   RO         3726    x$fpl$dflt          fz_ws.l(dflt_clz.o)
    0x080092f0   0x080092f0   0x00000026   Code   RO         3725    x$fpl$dfltu         fz_ws.l(dflt_clz.o)
    0x08009316   0x08009316   0x00000002   PAD
    0x08009318   0x08009318   0x00000154   Code   RO         3731    x$fpl$dmul          fz_ws.l(dmul.o)
    0x0800946c   0x0800946c   0x0000009c   Code   RO         3791    x$fpl$dnaninf       fz_ws.l(dnaninf.o)
    0x08009508   0x08009508   0x0000000c   Code   RO         3793    x$fpl$dretinf       fz_ws.l(dretinf.o)
    0x08009514   0x08009514   0x00000016   Code   RO         3716    x$fpl$drsb          fz_ws.l(daddsub_clz.o)
    0x0800952a   0x0800952a   0x00000002   PAD
    0x0800952c   0x0800952c   0x000001d4   Code   RO         3717    x$fpl$dsub          fz_ws.l(daddsub_clz.o)
    0x08009700   0x08009700   0x000000c4   Code   RO         3733    x$fpl$fadd          fz_ws.l(faddsub_clz.o)
    0x080097c4   0x080097c4   0x00000018   Code   RO         3795    x$fpl$fcmpinf       fz_ws.l(fcmpi.o)
    0x080097dc   0x080097dc   0x00000184   Code   RO         3740    x$fpl$fdiv          fz_ws.l(fdiv.o)
    0x08009960   0x08009960   0x0000003e   Code   RO         3743    x$fpl$ffixu         fz_ws.l(ffixu.o)
    0x0800999e   0x0800999e   0x00000002   PAD
    0x080099a0   0x080099a0   0x00000026   Code   RO         3747    x$fpl$ffltu         fz_ws.l(fflt_clz.o)
    0x080099c6   0x080099c6   0x00000002   PAD
    0x080099c8   0x080099c8   0x00000068   Code   RO         3753    x$fpl$fleqf         fz_ws.l(fleqf.o)
    0x08009a30   0x08009a30   0x00000102   Code   RO         3755    x$fpl$fmul          fz_ws.l(fmul.o)
    0x08009b32   0x08009b32   0x0000008c   Code   RO         3797    x$fpl$fnaninf       fz_ws.l(fnaninf.o)
    0x08009bbe   0x08009bbe   0x0000000a   Code   RO         3799    x$fpl$fretinf       fz_ws.l(fretinf.o)
    0x08009bc8   0x08009bc8   0x00000062   Code   RO         3757    x$fpl$frleqf        fz_ws.l(frleqf.o)
    0x08009c2a   0x08009c2a   0x00000002   PAD
    0x08009c2c   0x08009c2c   0x000000ea   Code   RO         3735    x$fpl$fsub          fz_ws.l(faddsub_clz.o)
    0x08009d16   0x08009d16   0x00000064   Code   RO         3932    x$fpl$retnan        fz_ws.l(retnan.o)
    0x08009d7a   0x08009d7a   0x0000005c   Code   RO         3864    x$fpl$scalbn        fz_ws.l(scalbn.o)
    0x08009dd6   0x08009dd6   0x00000030   Code   RO         3945    x$fpl$trapveneer    fz_ws.l(trapv.o)
    0x08009e06   0x08009e06   0x00000000   Code   RO         3801    x$fpl$usenofp       fz_ws.l(usenofp.o)
    0x08009e06   0x08009e06   0x00000018   Data   RO          263    .constdata          system_stm32f1xx.o
    0x08009e1e   0x08009e1e   0x00002f80   Data   RO         3185    .constdata          lcd.o
    0x0800cd9e   0x0800cd9e   0x00000028   Data   RO         3668    .constdata          c_w.l(_printf_hex_int.o)
    0x0800cdc6   0x0800cdc6   0x00000011   Data   RO         3698    .constdata          c_w.l(__printf_flags_wp.o)
    0x0800cdd7   0x0800cdd7   0x00000001   PAD
    0x0800cdd8   0x0800cdd8   0x00000030   Data   RO         3803    .constdata          m_ws.l(cos_i.o)
    0x0800ce08   0x0800ce08   0x000000c8   Data   RO         3821    .constdata          m_ws.l(rred.o)
    0x0800ced0   0x0800ced0   0x00000028   Data   RO         3825    .constdata          m_ws.l(sin_i.o)
    0x0800cef8   0x0800cef8   0x00000020   Data   RO         4003    Region$$Table       anon$$obj.o


    Execution Region RW_IRAM1 (Exec base: 0x20000000, Load base: 0x0800cf18, Size: 0x00000908, Max: 0x0000c000, ABSOLUTE)

    Exec Addr    Load Addr    Size         Type   Attr      Idx    E Section Name        Object

    0x20000000   0x0800cf18   0x00000004   Data   RW          264    .data               system_stm32f1xx.o
    0x20000004   0x0800cf1c   0x00000002   Data   RW          507    .data               demo.o
    0x20000006   0x0800cf1e   0x00000002   Data   RW          563    .data               delay.o
    0x20000008   0x0800cf20   0x00000007   Data   RW          685    .data               usart.o
    0x2000000f   0x0800cf27   0x00000001   PAD
    0x20000010   0x0800cf28   0x00000009   Data   RW          778    .data               stm32f1xx_hal.o
    0x20000019   0x0800cf31   0x00000003   PAD
    0x2000001c   0x0800cf34   0x00000008   Data   RW         3186    .data               lcd.o
    0x20000024   0x0800cf3c   0x00000002   Data   RW         3416    .data               atk_ms53l0m.o
    0x20000026   0x0800cf3e   0x00000002   PAD
    0x20000028   0x0800cf40   0x00000014   Data   RW         3484    .data               atk_ms53l0m_uart.o
    0x2000003c        -       0x00000024   Zero   RW           15    .bss                main.o
    0x20000060        -       0x00000108   Zero   RW          684    .bss                usart.o
    0x20000168        -       0x0000000e   Zero   RW         3184    .bss                lcd.o
    0x20000176   0x0800cf54   0x00000002   PAD
    0x20000178        -       0x000000cc   Zero   RW         3483    .bss                atk_ms53l0m_uart.o
    0x20000244        -       0x00000064   Zero   RW         3593    .bss                pwm.o
    0x200002a8        -       0x00000060   Zero   RW         3871    .bss                c_w.l(libspace.o)
    0x20000308        -       0x00000200   Zero   RW            2    HEAP                startup_stm32f103xe.o
    0x20000508        -       0x00000400   Zero   RW            1    STACK               startup_stm32f103xe.o


==============================================================================

Image component sizes


      Code (inc. data)   RO Data    RW Data    ZI Data      Debug   Object Name

       784         46          0          2          0       5397   atk_ms53l0m.o
      1882        248          0         20        204       7958   atk_ms53l0m_uart.o
       172         16          0          2          0       1991   delay.o
       188         72          0          2          0       2543   demo.o
       188         14          0          0          0       1067   key.o
     21176        340      12160          8         14      36839   lcd.o
       144         12          0          0          0        975   led.o
       484        214          0          0         36     487207   main.o
       320         44          0          0        100       3084   pwm.o
        64         26        304          0       1536        952   startup_stm32f103xe.o
       154         32          0          9          0       6651   stm32f1xx_hal.o
       344         22          0          0          0      30261   stm32f1xx_hal_cortex.o
       424         10          0          0          0       1299   stm32f1xx_hal_dma.o
       864         40          0          0          0       3449   stm32f1xx_hal_gpio.o
      1784        110          0          0          0       6288   stm32f1xx_hal_rcc.o
      1228         80          0          0          0       7336   stm32f1xx_hal_tim.o
      1696         10          0          0          0      10978   stm32f1xx_hal_uart.o
        32          0          0          0          0       4194   stm32f1xx_it.o
        86          0          0          0          0        739   sys.o
         2          0         24          4          0       1439   system_stm32f1xx.o
       640         66          0          7        264       5861   usart.o

    ----------------------------------------------------------------------
     32686       1402      12520         60       2156     626508   Object Totals
         0          0         32          0          0          0   (incl. Generated)
        30          0          0          6          2          0   (incl. Padding)

    ----------------------------------------------------------------------

      Code (inc. data)   RO Data    RW Data    ZI Data      Debug   Library Member Name

         8          0          0          0          0         68   __main.o
       312          4         17          0          0         92   __printf_flags_wp.o
        14          0          0          0          0         68   __printf_wp.o
         0          0          0          0          0          0   __rtentry.o
        12          0          0          0          0          0   __rtentry2.o
         6          0          0          0          0          0   __rtentry4.o
        52          8          0          0          0          0   __scatter.o
        26          0          0          0          0          0   __scatter_copy.o
        28          0          0          0          0          0   __scatter_zi.o
        44          0          0          0          0        108   _printf_char.o
        48          6          0          0          0         96   _printf_char_common.o
        36          4          0          0          0         80   _printf_char_file.o
         6          0          0          0          0          0   _printf_d.o
       120         16          0          0          0         92   _printf_dec.o
        88          4         40          0          0         88   _printf_hex_int.o
       178          0          0          0          0         88   _printf_intcommon.o
        78          0          0          0          0        108   _printf_pad.o
         0          0          0          0          0          0   _printf_percent.o
         4          0          0          0          0          0   _printf_percent_end.o
         6          0          0          0          0          0   _printf_s.o
        82          0          0          0          0         80   _printf_str.o
         6          0          0          0          0          0   _printf_x.o
        22          0          0          0          0        100   _rserrno.o
        10          0          0          0          0         68   _sputc.o
        12          0          0          0          0         72   exit.o
         8          0          0          0          0         68   ferror.o
         6          0          0          0          0        152   heapauxi.o
         2          0          0          0          0          0   libinit.o
         2          0          0          0          0          0   libinit2.o
         2          0          0          0          0          0   libshutdown.o
         2          0          0          0          0          0   libshutdown2.o
         8          4          0          0         96         68   libspace.o
        24          4          0          0          0         84   noretval__2printf.o
        40          6          0          0          0         84   noretval__2sprintf.o
         8          4          0          0          0         68   rt_errno_addr_intlibspace.o
         2          0          0          0          0          0   rtexit.o
        10          0          0          0          0          0   rtexit2.o
        74          0          0          0          0         80   sys_stackheap_outer.o
         2          0          0          0          0         68   use_no_semi.o
         2          0          0          0          0         68   use_no_semi_2.o
       826         16          0          0          0        348   daddsub_clz.o
        16          4          0          0          0         68   dcheck1.o
       688        140          0          0          0        208   ddiv.o
        94          4          0          0          0         92   dfix.o
        90          4          0          0          0         92   dfixu.o
        84          0          0          0          0        136   dflt_clz.o
       340         12          0          0          0        104   dmul.o
       156          4          0          0          0         92   dnaninf.o
        12          0          0          0          0         68   dretinf.o
       430          8          0          0          0        168   faddsub_clz.o
        24          0          0          0          0         68   fcmpi.o
       388         76          0          0          0         96   fdiv.o
        62          4          0          0          0         84   ffixu.o
        38          0          0          0          0         68   fflt_clz.o
       104          4          0          0          0         84   fleqf.o
       258          4          0          0          0         84   fmul.o
       140          4          0          0          0         84   fnaninf.o
        10          0          0          0          0         68   fretinf.o
        98          0          0          0          0         68   frleqf.o
       100          0          0          0          0         68   retnan.o
        92          0          0          0          0         68   scalbn.o
        48          0          0          0          0         68   trapv.o
         0          0          0          0          0          0   usenofp.o
       156          8          0          0          0        104   cos.o
       252         22         48          0          0        124   cos_i.o
        34          6          0          0          0        204   dunder.o
        40          0          0          0          0         68   fpclassify.o
       170          0          0          0          0         96   poly.o
       904         76        200          0          0        140   rred.o
       160         10          0          0          0        108   sin.o
       236         12         40          0          0        128   sin_i.o

    ----------------------------------------------------------------------
      7464        478        346          0         96       5204   Library Totals
        24          0          1          0          0          0   (incl. Padding)

    ----------------------------------------------------------------------

      Code (inc. data)   RO Data    RW Data    ZI Data      Debug   Library Name

      1390         60         57          0         96       1948   c_w.l
      4098        284          0          0          0       2284   fz_ws.l
      1952        134        288          0          0        972   m_ws.l

    ----------------------------------------------------------------------
      7464        478        346          0         96       5204   Library Totals

    ----------------------------------------------------------------------

==============================================================================


      Code (inc. data)   RO Data    RW Data    ZI Data      Debug   

     40150       1880      12866         60       2252     623336   Grand Totals
     40150       1880      12866         60       2252     623336   ELF Image Totals
     40150       1880      12866         60          0          0   ROM Totals

==============================================================================

    Total RO  Size (Code + RO Data)                53016 (  51.77kB)
    Total RW  Size (RW Data + ZI Data)              2312 (   2.26kB)
    Total ROM Size (Code + RO Data + RW Data)      53076 (  51.83kB)

==============================================================================

